Archive member included to satisfy reference by file (symbol)

X:\GUI\STYO2225A\STYO2225A\src\libSTYO2225A_lib.a(intc.o)
                              ./src/main.o (IRQ_init)
X:\GUI\STYO2225A\STYO2225A\src\libSTYO2225A_lib.a(os.o)
                              ./src/main.o (initOS)
X:\GUI\STYO2225A\STYO2225A\src\libSTYO2225A_lib.a(ad_ctrl.o)
                              ./src/main.o (ad_Init)
X:\GUI\STYO2225A\STYO2225A\src\libSTYO2225A_lib.a(buzzer.o)
                              ./src/main.o (Buzzer_Task)
X:\GUI\STYO2225A\STYO2225A\src\libSTYO2225A_lib.a(eep_rw.o)
                              ./src/setting.o (eep_handle)
X:\GUI\STYO2225A\STYO2225A\src\libSTYO2225A_lib.a(graphics_ctrl.o)
                              ./src/main.o (Graphics_Task)
X:\GUI\STYO2225A\STYO2225A\src\libSTYO2225A_lib.a(graphics_obj.o)
                              X:\GUI\STYO2225A\STYO2225A\src\libSTYO2225A_lib.a(graphics_ctrl.o) (Graphic_layer)
X:\GUI\STYO2225A\STYO2225A\src\libSTYO2225A_lib.a(image.o)
                              X:\GUI\STYO2225A\STYO2225A\src\libSTYO2225A_lib.a(graphics_ctrl.o) (DrawImagePart)
X:\GUI\STYO2225A\STYO2225A\src\libSTYO2225A_lib.a(image_pixel.o)
                              X:\GUI\STYO2225A\STYO2225A\src\libSTYO2225A_lib.a(image.o) (get_RGB565_from_color)
X:\GUI\STYO2225A\STYO2225A\src\libSTYO2225A_lib.a(image_rle.o)
                              X:\GUI\STYO2225A\STYO2225A\src\libSTYO2225A_lib.a(image.o) (DrawImage_RLE)
X:\GUI\STYO2225A\STYO2225A\src\libSTYO2225A_lib.a(init_display.o)
                              X:\GUI\STYO2225A\STYO2225A\src\libSTYO2225A_lib.a(graphics_ctrl.o) (init_display)
X:\GUI\STYO2225A\STYO2225A\src\libSTYO2225A_lib.a(io.o)
                              ./src/main.o (initIO)
X:\GUI\STYO2225A\STYO2225A\src\libSTYO2225A_lib.a(library.o)
                              ./src/common.o (get_week)
X:\GUI\STYO2225A\STYO2225A\src\libSTYO2225A_lib.a(mode_ctrl.o)
                              ./src/mode/mode_codelist.o (mode_data)
X:\GUI\STYO2225A\STYO2225A\src\libSTYO2225A_lib.a(rx4803sa.o)
                              ./src/common.o (RTC_init)
X:\GUI\STYO2225A\STYO2225A\src\libSTYO2225A_lib.a(serial.o)
                              ./src/debug.o (serial_open)
X:\GUI\STYO2225A\STYO2225A\src\libSTYO2225A_lib.a(sf_system.o)
                              ./src/setting.o (sfsys_init)
X:\GUI\STYO2225A\STYO2225A\src\libSTYO2225A_lib.a(text.o)
                              X:\GUI\STYO2225A\STYO2225A\src\libSTYO2225A_lib.a(graphics_obj.o) (obj_new_text)
X:\GUI\STYO2225A\STYO2225A\src\libSTYO2225A_lib.a(touch_check.o)
                              ./src/common.o (touch_check_obj)
X:\GUI\STYO2225A\STYO2225A\src\libSTYO2225A_lib.a(touch_ctrl.o)
                              ./src/main.o (touch_ctrl_task)
X:\GUI\STYO2225A\STYO2225A\src\libSTYO2225A_lib.a(usb_host_api.o)
                              ./src/main.o (usb_main)
X:\GUI\STYO2225A\STYO2225A\src\libSTYO2225A_lib.a(inx_tool.o)
                              X:\GUI\STYO2225A\STYO2225A\src\libSTYO2225A_lib.a(graphics_obj.o) (inx_itoa)
X:\GUI\STYO2225A\STYO2225A\src\libSTYO2225A_lib.a(timer.o)
                              ./src/layer/layer_L_HOME00.o (wait_timeout)
X:\GUI\STYO2225A\STYO2225A\src\libSTYO2225A_lib.a(cache.o)
                              X:\GUI\STYO2225A\STYO2225A\src\libSTYO2225A_lib.a(graphics_ctrl.o) (MEMORY_Flush)
X:\GUI\STYO2225A\STYO2225A\src\libSTYO2225A_lib.a(exclusion_func.o)
                              ./src/main.o (__enable_irq)
X:\GUI\STYO2225A\STYO2225A\src\libSTYO2225A_lib.a(l1_cache_operation.o)
                              X:\GUI\STYO2225A\STYO2225A\src\libSTYO2225A_lib.a(cache.o) (L1_I_CacheFlushAllAsm)
X:\GUI\STYO2225A\STYO2225A\src\libSTYO2225A_lib.a(start.o)
                              (_PowerON_Reset)
X:\GUI\STYO2225A\STYO2225A\src\libSTYO2225A_lib.a(ttb_init.o)
                              X:\GUI\STYO2225A\STYO2225A\src\libSTYO2225A_lib.a(start.o) (init_TTB)
X:\GUI\STYO2225A\STYO2225A\src\libSTYO2225A_lib.a(font.o)
                              X:\GUI\STYO2225A\STYO2225A\src\libSTYO2225A_lib.a(graphics_ctrl.o) (InitFont)
X:\GUI\STYO2225A\STYO2225A\src\libSTYO2225A_lib.a(r_vdc5.o)
                              X:\GUI\STYO2225A\STYO2225A\src\libSTYO2225A_lib.a(init_display.o) (R_VDC5_CallbackISR)
X:\GUI\STYO2225A\STYO2225A\src\libSTYO2225A_lib.a(r_vdc5_interrupt.o)
                              X:\GUI\STYO2225A\STYO2225A\src\libSTYO2225A_lib.a(init_display.o) (R_VDC5_GetISR)
X:\GUI\STYO2225A\STYO2225A\src\libSTYO2225A_lib.a(r_vdc5_register.o)
                              X:\GUI\STYO2225A\STYO2225A\src\libSTYO2225A_lib.a(r_vdc5.o) (VDC5_Initialize)
X:\GUI\STYO2225A\STYO2225A\src\libSTYO2225A_lib.a(r_vdc5_register_address.o)
                              X:\GUI\STYO2225A\STYO2225A\src\libSTYO2225A_lib.a(r_vdc5_register.o) (vdc5_regaddr_lvds)
X:\GUI\STYO2225A\STYO2225A\src\libSTYO2225A_lib.a(r_vdc5_shared_param.o)
[...]
Memory Configuration

Name             Origin             Length             Attributes
CSx              0x00000000         0x18000000
S_ROM            0x18100000         0x03f00000         xr
SRAM             0x20000000         0x00500000         xrw
*default*        0x00000000         0xffffffff

Linker script and memory map

LOAD ./src/mode/mode.o
LOAD ./src/mode/mode_codelist.o
LOAD ./src/mode/mode_config.o
LOAD ./src/mode/mode_detail.o
LOAD ./src/mode/mode_home.o
LOAD ./src/mode/mode_key00.o
LOAD ./src/mode/mode_key01.o
LOAD ./src/mode/mode_key02.o
LOAD ./src/mode/mode_process00.o
LOAD ./src/mode/mode_process01.o
LOAD ./src/layer/layer.o
LOAD ./src/layer/layer_L_CODELIST00.o
LOAD ./src/layer/layer_L_CONFIGURATION00.o
LOAD ./src/layer/layer_L_DETAIL00.o
LOAD ./src/layer/layer_L_HOME00.o
LOAD ./src/layer/layer_L_KEY00.o
LOAD ./src/layer/layer_L_KEY01.o
LOAD ./src/layer/layer_L_KEY02.o
LOAD ./src/layer/layer_L_PROCESS00.o
LOAD ./src/layer/layer_L_PROCESS01.o
LOAD ./src/layer/layer_L_W_CONFIG00.o
LOAD ./src/layer/layer_L_W_CONFIG01.o
LOAD ./src/layer/layer_L_W_MODESELECT00.o
LOAD ./src/layer/layer_L_W_SETTING00.o
LOAD ./src/layer/layer_L_W_SETTING01.o
LOAD ./src/layer/layer_L_W_SETTING02.o
LOAD ./src/layer/layer_L_W_SETTING03.o
LOAD ./src/img/img.o
LOAD ./src/img/img00.o
LOAD ./src/img/img01.o
LOAD ./src/img/img02.o
LOAD ./src/img/img03.o
LOAD ./src/img/img_dat.o
LOAD ./src/hw_settings/adc_portsetting.o
LOAD ./src/hw_settings/cpu_clock_setting.o
LOAD ./src/hw_settings/scif_portsetting.o
LOAD ./src/hw_settings/timer_setting.o
LOAD ./src/hw_settings/vdc5_portsetting.o
LOAD ./src/font/FONT00.o
LOAD ./src/font/font_data.o
LOAD ./src/font/font_style.o
LOAD ./src/common.o
LOAD ./src/debug.o
LOAD ./src/main.o
LOAD ./src/setting.o
LOAD X:\GUI\STYO2225A\STYO2225A\src\libSTYO2225A_lib.a
START GROUP
LOAD c:/program files (x86)/arm gnu toolchain arm-none-eabi/12.2 rel1/bin/../lib/gcc/arm-none-eabi/12.2.1/thumb/v7-a+fp/hard\libgcc.a
LOAD c:/program files (x86)/arm gnu toolchain arm-none-eabi/12.2 rel1/bin/../lib/gcc/arm-none-eabi/12.2.1/thumb/v7-a+fp/hard\libg.a
LOAD c:/program files (x86)/arm gnu toolchain arm-none-eabi/12.2 rel1/bin/../lib/gcc/arm-none-eabi/12.2.1/thumb/v7-a+fp/hard\libc.a
END GROUP
START GROUP
LOAD c:/program files (x86)/arm gnu toolchain arm-none-eabi/12.2 rel1/bin/../lib/gcc/arm-none-eabi/12.2.1/thumb/v7-a+fp/hard\libgcc.a
LOAD c:/program files (x86)/arm gnu toolchain arm-none-eabi/12.2 rel1/bin/../lib/gcc/arm-none-eabi/12.2.1/thumb/v7-a+fp/hard\libc.a
LOAD c:/program files (x86)/arm gnu toolchain arm-none-eabi/12.2 rel1/bin/../lib/gcc/arm-none-eabi/12.2.1/thumb/v7-a+fp/hard\librdimon.a
END GROUP

.fvectors       0x18100000       0x40
 *(.fvectors)
 .fvectors      0x18100000       0x40 X:\GUI\STYO2225A\STYO2225A\src\libSTYO2225A_lib.a(start.o)
                0x18100000                Start
                0x18100000                vector_table

.text           0x18100100     0x14b0
 *(.text)
 .text          0x18100100        0x0 ./src/mode/mode.o
 .text          0x18100100        0x0 ./src/mode/mode_codelist.o
 .text          0x18100100        0x0 ./src/mode/mode_config.o
 .text          0x18100100        0x0 ./src/mode/mode_detail.o
 .text          0x18100100        0x0 ./src/mode/mode_home.o
 .text          0x18100100        0x0 ./src/mode/mode_key00.o
 .text          0x18100100        0x0 ./src/mode/mode_key01.o
 .text          0x18100100        0x0 ./src/mode/mode_key02.o
 .text          0x18100100        0x0 ./src/mode/mode_process00.o
 .text          0x18100100        0x0 ./src/mode/mode_process01.o
 .text          0x18100100        0x0 ./src/layer/layer.o
 .text          0x18100100        0x0 ./src/layer/layer_L_CODELIST00.o
 .text          0x18100100        0x0 ./src/layer/layer_L_CONFIGURATION00.o
 .text          0x18100100        0x0 ./src/layer/layer_L_DETAIL00.o
 .text          0x18100100        0x0 ./src/layer/layer_L_HOME00.o
 .text          0x18100100        0x0 ./src/layer/layer_L_KEY00.o
 .text          0x18100100        0x0 ./src/layer/layer_L_KEY01.o
 .text          0x18100100        0x0 ./src/layer/layer_L_KEY02.o
 .text          0x18100100        0x0 ./src/layer/layer_L_PROCESS00.o
 .text          0x18100100        0x0 ./src/layer/layer_L_PROCESS01.o
 .text          0x18100100        0x0 ./src/layer/layer_L_W_CONFIG00.o
 .text          0x18100100        0x0 ./src/layer/layer_L_W_CONFIG01.o
 .text          0x18100100        0x0 ./src/layer/layer_L_W_MODESELECT00.o
 .text          0x18100100        0x0 ./src/layer/layer_L_W_SETTING00.o
 .text          0x18100100        0x0 ./src/layer/layer_L_W_SETTING01.o
 .text          0x18100100        0x0 ./src/layer/layer_L_W_SETTING02.o
 .text          0x18100100        0x0 ./src/layer/layer_L_W_SETTING03.o
 .text          0x18100100        0x0 ./src/img/img.o
 .text          0x18100100        0x0 ./src/img/img00.o
 .text          0x18100100        0x0 ./src/img/img01.o
 .text          0x18100100        0x0 ./src/img/img02.o
 .text          0x18100100        0x0 ./src/img/img03.o
 .text          0x18100100        0x0 ./src/img/img_dat.o
 .text          0x18100100        0x0 ./src/hw_settings/adc_portsetting.o
 .text          0x18100100        0x0 ./src/hw_settings/cpu_clock_setting.o
 .text          0x18100100        0x0 ./src/hw_settings/scif_portsetting.o
 .text          0x18100100        0x0 ./src/hw_settings/timer_setting.o
 .text          0x18100100        0x0 ./src/hw_settings/vdc5_portsetting.o
 .text          0x18100100        0x0 ./src/font/FONT00.o
 .text          0x18100100        0x0 ./src/font/font_data.o
 .text          0x18100100        0x0 ./src/font/font_style.o
 .text          0x18100100        0x0 ./src/common.o
 .text          0x18100100        0x0 ./src/debug.o
 .text          0x18100100        0x0 ./src/main.o
 .text          0x18100100        0x0 ./src/setting.o
 .text          0x18100100        0x0 X:\GUI\STYO2225A\STYO2225A\src\libSTYO2225A_lib.a(intc.o)
 .text          0x18100100        0x0 X:\GUI\STYO2225A\STYO2225A\src\libSTYO2225A_lib.a(os.o)
 .text          0x18100100        0x0 X:\GUI\STYO2225A\STYO2225A\src\libSTYO2225A_lib.a(ad_ctrl.o)
 .text          0x18100100        0x0 X:\GUI\STYO2225A\STYO2225A\src\libSTYO2225A_lib.a(buzzer.o)
 .text          0x18100100        0x0 X:\GUI\STYO2225A\STYO2225A\src\libSTYO2225A_lib.a(eep_rw.o)
 .text          0x18100100        0x0 X:\GUI\STYO2225A\STYO2225A\src\libSTYO2225A_lib.a(graphics_ctrl.o)
 .text          0x18100100        0x0 X:\GUI\STYO2225A\STYO2225A\src\libSTYO2225A_lib.a(graphics_obj.o)
 .text          0x18100100        0x0 X:\GUI\STYO2225A\STYO2225A\src\libSTYO2225A_lib.a(image.o)
 .text          0x18100100        0x0 X:\GUI\STYO2225A\STYO2225A\src\libSTYO2225A_lib.a(image_pixel.o)
 .text          0x18100100        0x0 X:\GUI\STYO2225A\STYO2225A\src\libSTYO2225A_lib.a(image_rle.o)
 .text          0x18100100        0x0 X:\GUI\STYO2225A\STYO2225A\src\libSTYO2225A_lib.a(init_display.o)
 .text          0x18100100        0x0 X:\GUI\STYO2225A\STYO2225A\src\libSTYO2225A_lib.a(io.o)
 .text          0x18100100        0x0 X:\GUI\STYO2225A\STYO2225A\src\libSTYO2225A_lib.a(library.o)
 .text          0x18100100        0x0 X:\GUI\STYO2225A\STYO2225A\src\libSTYO2225A_lib.a(mode_ctrl.o)
 .text          0x18100100        0x0 X:\GUI\STYO2225A\STYO2225A\src\libSTYO2225A_lib.a(rx4803sa.o)
 .text          0x18100100        0x0 X:\GUI\STYO2225A\STYO2225A\src\libSTYO2225A_lib.a(serial.o)
 .text          0x18100100        0x0 X:\GUI\STYO2225A\STYO2225A\src\libSTYO2225A_lib.a(sf_system.o)
 .text          0x18100100        0x0 X:\GUI\STYO2225A\STYO2225A\src\libSTYO2225A_lib.a(text.o)
 .text          0x18100100        0x0 X:\GUI\STYO2225A\STYO2225A\src\libSTYO2225A_lib.a(touch_check.o)
 .text          0x18100100        0x0 X:\GUI\STYO2225A\STYO2225A\src\libSTYO2225A_lib.a(touch_ctrl.o)
 .text          0x18100100        0x0 X:\GUI\STYO2225A\STYO2225A\src\libSTYO2225A_lib.a(usb_host_api.o)
 .text          0x18100100        0x0 X:\GUI\STYO2225A\STYO2225A\src\libSTYO2225A_lib.a(inx_tool.o)
 .text          0x18100100        0x0 X:\GUI\STYO2225A\STYO2225A\src\libSTYO2225A_lib.a(timer.o)
 .text          0x18100100        0x0 X:\GUI\STYO2225A\STYO2225A\src\libSTYO2225A_lib.a(cache.o)
 .text          0x18100100        0x0 X:\GUI\STYO2225A\STYO2225A\src\libSTYO2225A_lib.a(exclusion_func.o)
 .text          0x18100100        0x0 X:\GUI\STYO2225A\STYO2225A\src\libSTYO2225A_lib.a(l1_cache_operation.o)
 .text          0x18100100      0x1e8 X:\GUI\STYO2225A\STYO2225A\src\libSTYO2225A_lib.a(start.o)
                0x18100114                _PowerON_Reset
 .text          0x181002e8        0x0 X:\GUI\STYO2225A\STYO2225A\src\libSTYO2225A_lib.a(ttb_init.o)
 .text          0x181002e8        0x0 X:\GUI\STYO2225A\STYO2225A\src\libSTYO2225A_lib.a(font.o)
 .text          0x181002e8        0x0 X:\GUI\STYO2225A\STYO2225A\src\libSTYO2225A_lib.a(r_vdc5.o)
 .text          0x181002e8        0x0 X:\GUI\STYO2225A\STYO2225A\src\libSTYO2225A_lib.a(r_vdc5_interrupt.o)
 .text          0x181002e8        0x0 X:\GUI\STYO2225A\STYO2225A\src\libSTYO2225A_lib.a(r_vdc5_register.o)
 .text          0x181002e8        0x0 X:\GUI\STYO2225A\STYO2225A\src\libSTYO2225A_lib.a(r_vdc5_register_address.o)
 .text          0x181002e8        0x0 X:\GUI\STYO2225A\STYO2225A\src\libSTYO2225A_lib.a(r_vdc5_shared_param.o)
 .text          0x181002e8        0x0 X:\GUI\STYO2225A\STYO2225A\src\libSTYO2225A_lib.a(ff.o)
 .text          0x181002e8        0x0 X:\GUI\STYO2225A\STYO2225A\src\libSTYO2225A_lib.a(ffunicode.o)
 .text          0x181002e8        0x0 X:\GUI\STYO2225A\STYO2225A\src\libSTYO2225A_lib.a(r_tfat_drv_if_usb.o)
 .text          0x181002e8        0x0 X:\GUI\STYO2225A\STYO2225A\src\libSTYO2225A_lib.a(r_usb_hmsc_api.o)
 .text          0x181002e8        0x0 X:\GUI\STYO2225A\STYO2225A\src\libSTYO2225A_lib.a(r_usb_hmsc_driver.o)
 .text          0x181002e8        0x0 X:\GUI\STYO2225A\STYO2225A\src\libSTYO2225A_lib.a(r_usb_hstorage_driver.o)
 .text          0x181002e8        0x0 X:\GUI\STYO2225A\STYO2225A\src\libSTYO2225A_lib.a(r_usb_hstorage_driver_api.o)
 .text          0x181002e8        0x0 X:\GUI\STYO2225A\STYO2225A\src\libSTYO2225A_lib.a(r_usb_hreg_abs.o)
 .text          0x181002e8        0x0 X:\GUI\STYO2225A\STYO2225A\src\libSTYO2225A_lib.a(r_usb_hreg_access.o)
 .text          0x181002e8        0x0 X:\GUI\STYO2225A\STYO2225A\src\libSTYO2225A_lib.a(r_usb_rz_mcu.o)
 .text          0x181002e8        0x0 X:\GUI\STYO2225A\STYO2225A\src\libSTYO2225A_lib.a(r_usb_clibusbip.o)
 .text          0x181002e8        0x0 X:\GUI\STYO2225A\STYO2225A\src\libSTYO2225A_lib.a(r_usb_hcontrolrw.o)
 .text          0x181002e8        0x0 X:\GUI\STYO2225A\STYO2225A\src\libSTYO2225A_lib.a(r_usb_hdriver.o)
 .text          0x181002e8        0x0 X:\GUI\STYO2225A\STYO2225A\src\libSTYO2225A_lib.a(r_usb_hhubsys.o)
 .text          0x181002e8        0x0 X:\GUI\STYO2225A\STYO2225A\src\libSTYO2225A_lib.a(r_usb_hintfifo.o)
 .text          0x181002e8        0x0 X:\GUI\STYO2225A\STYO2225A\src\libSTYO2225A_lib.a(r_usb_hinthandler_usbip0.o)
 .text          0x181002e8        0x0 X:\GUI\STYO2225A\STYO2225A\src\libSTYO2225A_lib.a(r_usb_hinthandler_usbip1.o)
 .text          0x181002e8        0x0 X:\GUI\STYO2225A\STYO2225A\src\libSTYO2225A_lib.a(r_usb_hlibusbip.o)
 .text          0x181002e8        0x0 X:\GUI\STYO2225A\STYO2225A\src\libSTYO2225A_lib.a(r_usb_hmanager.o)
 .text          0x181002e8        0x0 X:\GUI\STYO2225A\STYO2225A\src\libSTYO2225A_lib.a(r_usb_hscheduler.o)
 .text          0x181002e8        0x0 X:\GUI\STYO2225A\STYO2225A\src\libSTYO2225A_lib.a(r_usb_hsignal.o)
 .text          0x181002e8        0x0 X:\GUI\STYO2225A\STYO2225A\src\libSTYO2225A_lib.a(r_usb_hstdfunction.o)
 .text          0x181002e8        0x0 X:\GUI\STYO2225A\STYO2225A\src\libSTYO2225A_lib.a(r_usb_usbif_api.o)
 .text          0x181002e8        0x0 X:\GUI\STYO2225A\STYO2225A\src\libSTYO2225A_lib.a(delegate.o)
 .text          0x181002e8        0x0 X:\GUI\STYO2225A\STYO2225A\src\libSTYO2225A_lib.a(br24lxx.o)
 .text          0x181002e8        0x0 X:\GUI\STYO2225A\STYO2225A\src\libSTYO2225A_lib.a(graphics_drv_wrapper.o)
 .text          0x181002e8        0x0 X:\GUI\STYO2225A\STYO2225A\src\libSTYO2225A_lib.a(lcd_settings.o)
 .text          0x181002e8        0x0 X:\GUI\STYO2225A\STYO2225A\src\libSTYO2225A_lib.a(ring_buffer.o)
 .text          0x181002e8        0x0 X:\GUI\STYO2225A\STYO2225A\src\libSTYO2225A_lib.a(sci_rz.o)
 .text          0x181002e8        0x0 X:\GUI\STYO2225A\STYO2225A\src\libSTYO2225A_lib.a(serial_flash.o)
 .text          0x181002e8        0x0 X:\GUI\STYO2225A\STYO2225A\src\libSTYO2225A_lib.a(hwsetup.o)
 .text          0x181002e8        0x0 X:\GUI\STYO2225A\STYO2225A\src\libSTYO2225A_lib.a(inthandler.o)
 .text          0x181002e8        0x0 X:\GUI\STYO2225A\STYO2225A\src\libSTYO2225A_lib.a(l1_cache_init.o)
 .text          0x181002e8        0x0 X:\GUI\STYO2225A\STYO2225A\src\libSTYO2225A_lib.a(l2_cache_init.o)
 .text          0x181002e8        0x0 X:\GUI\STYO2225A\STYO2225A\src\libSTYO2225A_lib.a(r_usb_creg_abs.o)
 .text          0x181002e8        0x0 X:\GUI\STYO2225A\STYO2225A\src\libSTYO2225A_lib.a(r_usb_creg_access.o)
 .text          0x181002e8        0x0 X:\GUI\STYO2225A\STYO2225A\src\libSTYO2225A_lib.a(r_usb_dma.o)
 .text          0x181002e8        0x0 X:\GUI\STYO2225A\STYO2225A\src\libSTYO2225A_lib.a(r_usb_cdataio.o)
 .text          0x181002e8        0x0 X:\GUI\STYO2225A\STYO2225A\src\libSTYO2225A_lib.a(crc16.o)
 .text          0x181002e8        0x0 X:\GUI\STYO2225A\STYO2225A\src\libSTYO2225A_lib.a(rotary_encoder.o)
 .text          0x181002e8      0x278 c:/program files (x86)/arm gnu toolchain arm-none-eabi/12.2 rel1/bin/../lib/gcc/arm-none-eabi/12.2.1/thumb/v7-a+fp/hard\libgcc.a(_udivsi3.o)
                0x181002e8                __aeabi_uidiv
                0x181002e8                __udivsi3
                0x18100544                __aeabi_uidivmod
 .text          0x18100560      0x2b0 c:/program files (x86)/arm gnu toolchain arm-none-eabi/12.2 rel1/bin/../lib/gcc/arm-none-eabi/12.2.1/thumb/v7-a+fp/hard\libgcc.a(_divsi3.o)
                0x18100560                __divsi3
                0x18100560                __aeabi_idiv
                0x181007f4                __aeabi_idivmod
 .text          0x18100810        0x4 c:/program files (x86)/arm gnu toolchain arm-none-eabi/12.2 rel1/bin/../lib/gcc/arm-none-eabi/12.2.1/thumb/v7-a+fp/hard\libgcc.a(_dvmd_tls.o)
                0x18100810                __aeabi_idiv0
                0x18100810                __aeabi_ldiv0
 .text          0x18100814        0x0 c:/program files (x86)/arm gnu toolchain arm-none-eabi/12.2 rel1/bin/../lib/gcc/arm-none-eabi/12.2.1/thumb/v7-a+fp/hard\libg.a(libc_a-vswprintf.o)
 .text          0x18100814        0x0 c:/program files (x86)/arm gnu toolchain arm-none-eabi/12.2 rel1/bin/../lib/gcc/arm-none-eabi/12.2.1/thumb/v7-a+fp/hard\libg.a(libc_a-memcmp.o)
 .text          0x18100814        0x0 c:/program files (x86)/arm gnu toolchain arm-none-eabi/12.2 rel1/bin/../lib/gcc/arm-none-eabi/12.2.1/thumb/v7-a+fp/hard\libg.a(libc_a-memmove.o)
 .text          0x18100814        0x0 c:/program files (x86)/arm gnu toolchain arm-none-eabi/12.2 rel1/bin/../lib/gcc/arm-none-eabi/12.2.1/thumb/v7-a+fp/hard\libg.a(libc_a-memset.o)
 .text          0x18100814        0x0 c:/program files (x86)/arm gnu toolchain arm-none-eabi/12.2 rel1/bin/../lib/gcc/arm-none-eabi/12.2.1/thumb/v7-a+fp/hard\libg.a(libc_a-wcscat.o)
 .text          0x18100814        0x0 c:/program files (x86)/arm gnu toolchain arm-none-eabi/12.2 rel1/bin/../lib/gcc/arm-none-eabi/12.2.1/thumb/v7-a+fp/hard\libg.a(libc_a-wcscmp.o)
 .text          0x18100814        0x0 c:/program files (x86)/arm gnu toolchain arm-none-eabi/12.2 rel1/bin/../lib/gcc/arm-none-eabi/12.2.1/thumb/v7-a+fp/hard\libg.a(libc_a-wcscpy.o)
 .text          0x18100814        0x0 c:/program files (x86)/arm gnu toolchain arm-none-eabi/12.2 rel1/bin/../lib/gcc/arm-none-eabi/12.2.1/thumb/v7-a+fp/hard\libg.a(libc_a-wcslen.o)
 .text          0x18100814        0x0 c:/program files (x86)/arm gnu toolchain arm-none-eabi/12.2 rel1/bin/../lib/gcc/arm-none-eabi/12.2.1/thumb/v7-a+fp/hard\libg.a(libc_a-wcsncpy.o)
 .text          0x18100814        0x0 c:/program files (x86)/arm gnu toolchain arm-none-eabi/12.2 rel1/bin/../lib/gcc/arm-none-eabi/12.2.1/thumb/v7-a+fp/hard\libg.a(libc_a-wmemcpy.o)
 .text          0x18100814        0x0 c:/program files (x86)/arm gnu toolchain arm-none-eabi/12.2 rel1/bin/../lib/gcc/arm-none-eabi/12.2.1/thumb/v7-a+fp/hard\libg.a(libc_a-wmemset.o)
 .text          0x18100814        0x0 c:/program files (x86)/arm gnu toolchain arm-none-eabi/12.2 rel1/bin/../lib/gcc/arm-none-eabi/12.2.1/thumb/v7-a+fp/hard\libg.a(libc_a-impure.o)
 *fill*         0x18100814        0xc 
 .text          0x18100820      0x2dc c:/program files (x86)/arm gnu toolchain arm-none-eabi/12.2 rel1/bin/../lib/gcc/arm-none-eabi/12.2.1/thumb/v7-a+fp/hard\libg.a(libc_a-strcmp.o)
                0x18100828                strcmp
 *fill*         0x18100afc        0x4 
 .text          0x18100b00      0x5e0 c:/program files (x86)/arm gnu toolchain arm-none-eabi/12.2 rel1/bin/../lib/gcc/arm-none-eabi/12.2.1/thumb/v7-a+fp/hard\libg.a(libc_a-memcpy.o)
                0x18100b00                memcpy
 *fill*         0x181010e0       0x20 
 .text          0x18101100       0xdc c:/program files (x86)/arm gnu toolchain arm-none-eabi/12.2 rel1/bin/../lib/gcc/arm-none-eabi/12.2.1/thumb/v7-a+fp/hard\libg.a(libc_a-strlen.o)
                0x18101100                strlen
 .text          0x181011dc        0x0 c:/program files (x86)/arm gnu toolchain arm-none-eabi/12.2 rel1/bin/../lib/gcc/arm-none-eabi/12.2.1/thumb/v7-a+fp/hard\libg.a(libc_a-findfp.o)
 .text          0x181011dc        0x0 c:/program files (x86)/arm gnu toolchain arm-none-eabi/12.2 rel1/bin/../lib/gcc/arm-none-eabi/12.2.1/thumb/v7-a+fp/hard\libg.a(libc_a-fwalk.o)
 .text          0x181011dc        0x0 c:/program files (x86)/arm gnu toolchain arm-none-eabi/12.2 rel1/bin/../lib/gcc/arm-none-eabi/12.2.1/thumb/v7-a+fp/hard\libg.a(libc_a-stdio.o)
 .text          0x181011dc        0x0 c:/program files (x86)/arm gnu toolchain arm-none-eabi/12.2 rel1/bin/../lib/gcc/arm-none-eabi/12.2.1/thumb/v7-a+fp/hard\libg.a(libc_a-svfwprintf.o)
 .text          0x181011dc        0x0 c:/program files (x86)/arm gnu toolchain arm-none-eabi/12.2 rel1/bin/../lib/gcc/arm-none-eabi/12.2.1/thumb/v7-a+fp/hard\libg.a(libc_a-wmemchr.o)
 .text          0x181011dc        0x0 c:/program files (x86)/arm gnu toolchain arm-none-eabi/12.2 rel1/bin/../lib/gcc/arm-none-eabi/12.2.1/thumb/v7-a+fp/hard\libg.a(libc_a-locale.o)
 .text          0x181011dc        0x0 c:/program files (x86)/arm gnu toolchain arm-none-eabi/12.2 rel1/bin/../lib/gcc/arm-none-eabi/12.2.1/thumb/v7-a+fp/hard\libg.a(libc_a-localeconv.o)
 .text          0x181011dc        0x0 c:/program files (x86)/arm gnu toolchain arm-none-eabi/12.2 rel1/bin/../lib/gcc/arm-none-eabi/12.2.1/thumb/v7-a+fp/hard\libg.a(libc_a-closer.o)
 .text          0x181011dc        0x0 c:/program files (x86)/arm gnu toolchain arm-none-eabi/12.2 rel1/bin/../lib/gcc/arm-none-eabi/12.2.1/thumb/v7-a+fp/hard\libg.a(libc_a-reent.o)
 .text          0x181011dc        0x0 c:/program files (x86)/arm gnu toolchain arm-none-eabi/12.2 rel1/bin/../lib/gcc/arm-none-eabi/12.2.1/thumb/v7-a+fp/hard\libg.a(libc_a-lseekr.o)
 .text          0x181011dc        0x0 c:/program files (x86)/arm gnu toolchain arm-none-eabi/12.2 rel1/bin/../lib/gcc/arm-none-eabi/12.2.1/thumb/v7-a+fp/hard\libg.a(libc_a-readr.o)
 .text          0x181011dc        0x0 c:/program files (x86)/arm gnu toolchain arm-none-eabi/12.2 rel1/bin/../lib/gcc/arm-none-eabi/12.2.1/thumb/v7-a+fp/hard\libg.a(libc_a-writer.o)
 .text          0x181011dc        0x0 c:/program files (x86)/arm gnu toolchain arm-none-eabi/12.2 rel1/bin/../lib/gcc/arm-none-eabi/12.2.1/thumb/v7-a+fp/hard\libg.a(libc_a-lock.o)
 .text          0x181011dc        0x0 c:/program files (x86)/arm gnu toolchain arm-none-eabi/12.2 rel1/bin/../lib/gcc/arm-none-eabi/12.2.1/thumb/v7-a+fp/hard\libg.a(libc_a-strcpy.o)
 .text          0x181011dc        0x0 c:/program files (x86)/arm gnu toolchain arm-none-eabi/12.2 rel1/bin/../lib/gcc/arm-none-eabi/12.2.1/thumb/v7-a+fp/hard\libg.a(libm_a-s_frexp.o)
 .text          0x181011dc        0x0 c:/program files (x86)/arm gnu toolchain arm-none-eabi/12.2 rel1/bin/../lib/gcc/arm-none-eabi/12.2.1/thumb/v7-a+fp/hard\libg.a(libc_a-dtoa.o)
 .text          0x181011dc        0x0 c:/program files (x86)/arm gnu toolchain arm-none-eabi/12.2 rel1/bin/../lib/gcc/arm-none-eabi/12.2.1/thumb/v7-a+fp/hard\libg.a(libc_a-freer.o)
 .text          0x181011dc        0x0 c:/program files (x86)/arm gnu toolchain arm-none-eabi/12.2 rel1/bin/../lib/gcc/arm-none-eabi/12.2.1/thumb/v7-a+fp/hard\libg.a(libc_a-getenv_r.o)
 .text          0x181011dc        0x0 c:/program files (x86)/arm gnu toolchain arm-none-eabi/12.2 rel1/bin/../lib/gcc/arm-none-eabi/12.2.1/thumb/v7-a+fp/hard\libg.a(libc_a-mallocr.o)
 .text          0x181011dc        0x0 c:/program files (x86)/arm gnu toolchain arm-none-eabi/12.2 rel1/bin/../lib/gcc/arm-none-eabi/12.2.1/thumb/v7-a+fp/hard\libg.a(libc_a-mbtowc_r.o)
 .text          0x181011dc        0x0 c:/program files (x86)/arm gnu toolchain arm-none-eabi/12.2 rel1/bin/../lib/gcc/arm-none-eabi/12.2.1/thumb/v7-a+fp/hard\libg.a(libc_a-mlock.o)
 .text          0x181011dc        0x0 c:/program files (x86)/arm gnu toolchain arm-none-eabi/12.2 rel1/bin/../lib/gcc/arm-none-eabi/12.2.1/thumb/v7-a+fp/hard\libg.a(libc_a-mprec.o)
 .text          0x181011dc        0x0 c:/program files (x86)/arm gnu toolchain arm-none-eabi/12.2 rel1/bin/../lib/gcc/arm-none-eabi/12.2.1/thumb/v7-a+fp/hard\libg.a(libc_a-strtol.o)
 .text          0x181011dc        0x0 c:/program files (x86)/arm gnu toolchain arm-none-eabi/12.2 rel1/bin/../lib/gcc/arm-none-eabi/12.2.1/thumb/v7-a+fp/hard\libg.a(libc_a-wctomb_r.o)
 .text          0x181011dc        0x0 c:/program files (x86)/arm gnu toolchain arm-none-eabi/12.2 rel1/bin/../lib/gcc/arm-none-eabi/12.2.1/thumb/v7-a+fp/hard\libg.a(libc_a-btowc.o)
 .text          0x181011dc        0x0 c:/program files (x86)/arm gnu toolchain arm-none-eabi/12.2 rel1/bin/../lib/gcc/arm-none-eabi/12.2.1/thumb/v7-a+fp/hard\libg.a(libc_a-mbrlen.o)
 .text          0x181011dc        0x0 c:/program files (x86)/arm gnu toolchain arm-none-eabi/12.2 rel1/bin/../lib/gcc/arm-none-eabi/12.2.1/thumb/v7-a+fp/hard\libg.a(libc_a-mbrtowc.o)
 .text          0x181011dc        0x0 c:/program files (x86)/arm gnu toolchain arm-none-eabi/12.2 rel1/bin/../lib/gcc/arm-none-eabi/12.2.1/thumb/v7-a+fp/hard\libg.a(libc_a-mbsnrtowcs.o)
 .text          0x181011dc        0x0 c:/program files (x86)/arm gnu toolchain arm-none-eabi/12.2 rel1/bin/../lib/gcc/arm-none-eabi/12.2.1/thumb/v7-a+fp/hard\libg.a(libc_a-ctype_.o)
 .text          0x181011dc        0x0 c:/program files (x86)/arm gnu toolchain arm-none-eabi/12.2 rel1/bin/../lib/gcc/arm-none-eabi/12.2.1/thumb/v7-a+fp/hard\libg.a(libc_a-svfiprintf.o)
 .text          0x181011dc        0x0 c:/program files (x86)/arm gnu toolchain arm-none-eabi/12.2 rel1/bin/../lib/gcc/arm-none-eabi/12.2.1/thumb/v7-a+fp/hard\libg.a(libc_a-fclose.o)
 .text          0x181011dc        0x0 c:/program files (x86)/arm gnu toolchain arm-none-eabi/12.2 rel1/bin/../lib/gcc/arm-none-eabi/12.2.1/thumb/v7-a+fp/hard\libg.a(libc_a-fflush.o)
 .text          0x181011dc        0x0 c:/program files (x86)/arm gnu toolchain arm-none-eabi/12.2 rel1/bin/../lib/gcc/arm-none-eabi/12.2.1/thumb/v7-a+fp/hard\libg.a(libc_a-strcasecmp.o)
 .text          0x181011dc        0x0 c:/program files (x86)/arm gnu toolchain arm-none-eabi/12.2 rel1/bin/../lib/gcc/arm-none-eabi/12.2.1/thumb/v7-a+fp/hard\libg.a(libc_a-strcat.o)
 .text          0x181011dc        0x0 c:/program files (x86)/arm gnu toolchain arm-none-eabi/12.2 rel1/bin/../lib/gcc/arm-none-eabi/12.2.1/thumb/v7-a+fp/hard\libg.a(libc_a-strchr.o)
 .text          0x181011dc        0x0 c:/program files (x86)/arm gnu toolchain arm-none-eabi/12.2 rel1/bin/../lib/gcc/arm-none-eabi/12.2.1/thumb/v7-a+fp/hard\libg.a(libc_a-strlcpy.o)
 .text          0x181011dc        0x0 c:/program files (x86)/arm gnu toolchain arm-none-eabi/12.2 rel1/bin/../lib/gcc/arm-none-eabi/12.2.1/thumb/v7-a+fp/hard\libg.a(libc_a-strncasecmp.o)
 .text          0x181011dc        0x0 c:/program files (x86)/arm gnu toolchain arm-none-eabi/12.2 rel1/bin/../lib/gcc/arm-none-eabi/12.2.1/thumb/v7-a+fp/hard\libg.a(libc_a-strncmp.o)
 .text          0x181011dc        0x0 c:/program files (x86)/arm gnu toolchain arm-none-eabi/12.2 rel1/bin/../lib/gcc/arm-none-eabi/12.2.1/thumb/v7-a+fp/hard\libg.a(libc_a-strncpy.o)
 .text          0x181011dc        0x0 c:/program files (x86)/arm gnu toolchain arm-none-eabi/12.2 rel1/bin/../lib/gcc/arm-none-eabi/12.2.1/thumb/v7-a+fp/hard\libg.a(libc_a-sbrkr.o)
 .text          0x181011dc        0x0 c:/program files (x86)/arm gnu toolchain arm-none-eabi/12.2 rel1/bin/../lib/gcc/arm-none-eabi/12.2.1/thumb/v7-a+fp/hard\libg.a(libc_a-errno.o)
 .text          0x181011dc        0x0 c:/program files (x86)/arm gnu toolchain arm-none-eabi/12.2 rel1/bin/../lib/gcc/arm-none-eabi/12.2.1/thumb/v7-a+fp/hard\libg.a(libc_a-sysconf.o)
 *fill*         0x181011dc        0x4 
 .text          0x181011e0       0xa0 c:/program files (x86)/arm gnu toolchain arm-none-eabi/12.2 rel1/bin/../lib/gcc/arm-none-eabi/12.2.1/thumb/v7-a+fp/hard\libg.a(libc_a-memchr.o)
                0x181011e0                memchr
 .text          0x18101280        0x0 c:/program files (x86)/arm gnu toolchain arm-none-eabi/12.2 rel1/bin/../lib/gcc/arm-none-eabi/12.2.1/thumb/v7-a+fp/hard\libg.a(libc_a-assert.o)
 .text          0x18101280        0x0 c:/program files (x86)/arm gnu toolchain arm-none-eabi/12.2 rel1/bin/../lib/gcc/arm-none-eabi/12.2.1/thumb/v7-a+fp/hard\libg.a(libc_a-callocr.o)
 .text          0x18101280        0x0 c:/program files (x86)/arm gnu toolchain arm-none-eabi/12.2 rel1/bin/../lib/gcc/arm-none-eabi/12.2.1/thumb/v7-a+fp/hard\libg.a(libc_a-environ.o)
 .text          0x18101280        0x0 c:/program files (x86)/arm gnu toolchain arm-none-eabi/12.2 rel1/bin/../lib/gcc/arm-none-eabi/12.2.1/thumb/v7-a+fp/hard\libg.a(libc_a-envlock.o)
 .text          0x18101280        0x0 c:/program files (x86)/arm gnu toolchain arm-none-eabi/12.2 rel1/bin/../lib/gcc/arm-none-eabi/12.2.1/thumb/v7-a+fp/hard\libg.a(libc_a-reallocr.o)
 .text          0x18101280        0x0 c:/program files (x86)/arm gnu toolchain arm-none-eabi/12.2 rel1/bin/../lib/gcc/arm-none-eabi/12.2.1/thumb/v7-a+fp/hard\libg.a(libc_a-wcrtomb.o)
 .text          0x18101280        0x0 c:/program files (x86)/arm gnu toolchain arm-none-eabi/12.2 rel1/bin/../lib/gcc/arm-none-eabi/12.2.1/thumb/v7-a+fp/hard\libg.a(libc_a-wcsrtombs.o)
 .text          0x18101280        0x0 c:/program files (x86)/arm gnu toolchain arm-none-eabi/12.2 rel1/bin/../lib/gcc/arm-none-eabi/12.2.1/thumb/v7-a+fp/hard\libg.a(libc_a-fiprintf.o)
 .text          0x18101280        0x0 c:/program files (x86)/arm gnu toolchain arm-none-eabi/12.2 rel1/bin/../lib/gcc/arm-none-eabi/12.2.1/thumb/v7-a+fp/hard\libg.a(libc_a-vfiprintf.o)
 .text          0x18101280        0x0 c:/program files (x86)/arm gnu toolchain arm-none-eabi/12.2 rel1/bin/../lib/gcc/arm-none-eabi/12.2.1/thumb/v7-a+fp/hard\libg.a(libc_a-fvwrite.o)
 .text          0x18101280        0x0 c:/program files (x86)/arm gnu toolchain arm-none-eabi/12.2 rel1/bin/../lib/gcc/arm-none-eabi/12.2.1/thumb/v7-a+fp/hard\libg.a(libc_a-wsetup.o)
 .text          0x18101280        0x0 c:/program files (x86)/arm gnu toolchain arm-none-eabi/12.2 rel1/bin/../lib/gcc/arm-none-eabi/12.2.1/thumb/v7-a+fp/hard\libg.a(libc_a-fputwc.o)
 .text          0x18101280        0x0 c:/program files (x86)/arm gnu toolchain arm-none-eabi/12.2 rel1/bin/../lib/gcc/arm-none-eabi/12.2.1/thumb/v7-a+fp/hard\libg.a(libc_a-abort.o)
 .text          0x18101280        0x0 c:/program files (x86)/arm gnu toolchain arm-none-eabi/12.2 rel1/bin/../lib/gcc/arm-none-eabi/12.2.1/thumb/v7-a+fp/hard\libg.a(libc_a-wcsnrtombs.o)
 .text          0x18101280        0x0 c:/program files (x86)/arm gnu toolchain arm-none-eabi/12.2 rel1/bin/../lib/gcc/arm-none-eabi/12.2.1/thumb/v7-a+fp/hard\libg.a(libc_a-makebuf.o)
 .text          0x18101280        0x0 c:/program files (x86)/arm gnu toolchain arm-none-eabi/12.2 rel1/bin/../lib/gcc/arm-none-eabi/12.2.1/thumb/v7-a+fp/hard\libg.a(libc_a-wbuf.o)
 .text          0x18101280        0x0 c:/program files (x86)/arm gnu toolchain arm-none-eabi/12.2 rel1/bin/../lib/gcc/arm-none-eabi/12.2.1/thumb/v7-a+fp/hard\libg.a(libc_a-signal.o)
 .text          0x18101280        0x0 c:/program files (x86)/arm gnu toolchain arm-none-eabi/12.2 rel1/bin/../lib/gcc/arm-none-eabi/12.2.1/thumb/v7-a+fp/hard\libg.a(libc_a-fstatr.o)
 .text          0x18101280        0x0 c:/program files (x86)/arm gnu toolchain arm-none-eabi/12.2 rel1/bin/../lib/gcc/arm-none-eabi/12.2.1/thumb/v7-a+fp/hard\libg.a(libc_a-isattyr.o)
 .text          0x18101280        0x0 c:/program files (x86)/arm gnu toolchain arm-none-eabi/12.2 rel1/bin/../lib/gcc/arm-none-eabi/12.2.1/thumb/v7-a+fp/hard\libg.a(libc_a-signalr.o)
 .text          0x18101280        0x0 c:/program files (x86)/arm gnu toolchain arm-none-eabi/12.2 rel1/bin/../lib/gcc/arm-none-eabi/12.2.1/thumb/v7-a+fp/hard\librdimon.a(rdimon-syscalls.o)
 .text          0x18101280        0x0 c:/program files (x86)/arm gnu toolchain arm-none-eabi/12.2 rel1/bin/../lib/gcc/arm-none-eabi/12.2.1/thumb/v7-a+fp/hard\librdimon.a(rdimon-_exit.o)
 .text          0x18101280        0x0 c:/program files (x86)/arm gnu toolchain arm-none-eabi/12.2 rel1/bin/../lib/gcc/arm-none-eabi/12.2.1/thumb/v7-a+fp/hard\librdimon.a(rdimon-_kill.o)
 *(INIT_TTB)
 INIT_TTB       0x18101280      0x1a4 X:\GUI\STYO2225A\STYO2225A\src\libSTYO2225A_lib.a(ttb_init.o)
                0x18101280                init_TTB
 *(INITCA9CACHE)
 INITCA9CACHE   0x18101424       0x34 X:\GUI\STYO2225A\STYO2225A\src\libSTYO2225A_lib.a(l1_cache_init.o)
                0x18101424                L1CacheInit
 *(L1_CACHE_OPERATION)
 L1_CACHE_OPERATION
                0x18101458      0x158 X:\GUI\STYO2225A\STYO2225A\src\libSTYO2225A_lib.a(l1_cache_operation.o)
                0x18101458                L1_I_CacheFlushAllAsm
                0x1810146c                L1_D_CacheOperationAsm
                0x18101518                L1_I_CacheEnableAsm
                0x18101528                L1_D_CacheEnableAsm
                0x18101538                L1_I_CacheDisableAsm
                0x1810154c                L1_D_CacheDisableAsm
                0x18101560                L1BtacEnableAsm
                0x18101574                L1BtacDisableAsm
                0x18101584                L1PrefetchEnableAsm
                0x18101598                L1PrefetchDisableAsm

.glue_7         0x181015b0        0x0
 .glue_7        0x181015b0        0x0 linker stubs

.glue_7t        0x181015b0        0x0
 .glue_7t       0x181015b0        0x0 linker stubs

.vfp11_veneer   0x181015b0        0x0
 .vfp11_veneer  0x181015b0        0x0 linker stubs

.v4_bx          0x181015b0        0x0
 .v4_bx         0x181015b0        0x0 linker stubs

.text.change_mode_exe
                0x181015b0       0x9c
 .text.change_mode_exe
                0x181015b0       0x9c ./src/mode/mode.o
                0x181015b0                change_mode_exe

.iplt           0x1810164c        0x0
 .iplt          0x1810164c        0x0 ./src/mode/mode.o

.text.mode_change_callback
                0x1810164c      0x384
 .text.mode_change_callback
                0x1810164c       0x64 ./src/mode/mode_codelist.o
 .text.mode_change_callback
                0x181016b0       0x64 ./src/mode/mode_config.o
 .text.mode_change_callback
                0x18101714       0x64 ./src/mode/mode_detail.o
 .text.mode_change_callback
                0x18101778       0x64 ./src/mode/mode_home.o
 .text.mode_change_callback
                0x181017dc       0x64 ./src/mode/mode_key00.o
 .text.mode_change_callback
                0x18101840       0x64 ./src/mode/mode_key01.o
 .text.mode_change_callback
                0x181018a4       0x64 ./src/mode/mode_key02.o
 .text.mode_change_callback
                0x18101908       0x64 ./src/mode/mode_process00.o
 .text.mode_change_callback
                0x1810196c       0x64 ./src/mode/mode_process01.o

.text.mode_always_callback
                0x181019d0      0x168
 .text.mode_always_callback
                0x181019d0       0x28 ./src/mode/mode_codelist.o
 .text.mode_always_callback
                0x181019f8       0x28 ./src/mode/mode_config.o
 .text.mode_always_callback
                0x18101a20       0x28 ./src/mode/mode_detail.o
 .text.mode_always_callback
                0x18101a48       0x28 ./src/mode/mode_home.o
 .text.mode_always_callback
                0x18101a70       0x28 ./src/mode/mode_key00.o
 .text.mode_always_callback
                0x18101a98       0x28 ./src/mode/mode_key01.o
 .text.mode_always_callback
                0x18101ac0       0x28 ./src/mode/mode_key02.o
 .text.mode_always_callback
                0x18101ae8       0x28 ./src/mode/mode_process00.o
 .text.mode_always_callback
                0x18101b10       0x28 ./src/mode/mode_process01.o

.text.mode_move_callback
                0x18101b38       0xd8
 .text.mode_move_callback
                0x18101b38       0x18 ./src/mode/mode_codelist.o
 .text.mode_move_callback
                0x18101b50       0x18 ./src/mode/mode_config.o
 .text.mode_move_callback
                0x18101b68       0x18 ./src/mode/mode_detail.o
 .text.mode_move_callback
                0x18101b80       0x18 ./src/mode/mode_home.o
 .text.mode_move_callback
                0x18101b98       0x18 ./src/mode/mode_key00.o
 .text.mode_move_callback
                0x18101bb0       0x18 ./src/mode/mode_key01.o
 .text.mode_move_callback
                0x18101bc8       0x18 ./src/mode/mode_key02.o
 .text.mode_move_callback
                0x18101be0       0x18 ./src/mode/mode_process00.o
 .text.mode_move_callback
                0x18101bf8       0x18 ./src/mode/mode_process01.o

.text.mode_action_callback
                0x18101c10       0xd8
 .text.mode_action_callback
                0x18101c10       0x18 ./src/mode/mode_codelist.o
 .text.mode_action_callback
                0x18101c28       0x18 ./src/mode/mode_config.o
 .text.mode_action_callback
                0x18101c40       0x18 ./src/mode/mode_detail.o
 .text.mode_action_callback
                0x18101c58       0x18 ./src/mode/mode_home.o
 .text.mode_action_callback
                0x18101c70       0x18 ./src/mode/mode_key00.o
 .text.mode_action_callback
                0x18101c88       0x18 ./src/mode/mode_key01.o
 .text.mode_action_callback
                0x18101ca0       0x18 ./src/mode/mode_key02.o
 .text.mode_action_callback
                0x18101cb8       0x18 ./src/mode/mode_process00.o
 .text.mode_action_callback
                0x18101cd0       0x18 ./src/mode/mode_process01.o

.text.change_mode_codelist
                0x18101ce8       0x50
 .text.change_mode_codelist
                0x18101ce8       0x50 ./src/mode/mode_codelist.o
                0x18101ce8                change_mode_codelist

.text.change_mode_config
                0x18101d38       0x50
 .text.change_mode_config
                0x18101d38       0x50 ./src/mode/mode_config.o
                0x18101d38                change_mode_config

.text.change_mode_detail
                0x18101d88       0x50
 .text.change_mode_detail
                0x18101d88       0x50 ./src/mode/mode_detail.o
                0x18101d88                change_mode_detail

.text.change_mode_home
                0x18101dd8       0x50
 .text.change_mode_home
                0x18101dd8       0x50 ./src/mode/mode_home.o
                0x18101dd8                change_mode_home

.text.change_mode_key00
                0x18101e28       0x50
 .text.change_mode_key00
                0x18101e28       0x50 ./src/mode/mode_key00.o
                0x18101e28                change_mode_key00

.text.change_mode_key01
                0x18101e78       0x50
 .text.change_mode_key01
                0x18101e78       0x50 ./src/mode/mode_key01.o
                0x18101e78                change_mode_key01

.text.change_mode_key02
                0x18101ec8       0x50
 .text.change_mode_key02
                0x18101ec8       0x50 ./src/mode/mode_key02.o
                0x18101ec8                change_mode_key02

.text.change_mode_process00
                0x18101f18       0x50
 .text.change_mode_process00
                0x18101f18       0x50 ./src/mode/mode_process00.o
                0x18101f18                change_mode_process00

.text.change_mode_process01
                0x18101f68       0x50
 .text.change_mode_process01
                0x18101f68       0x50 ./src/mode/mode_process01.o
                0x18101f68                change_mode_process01

.text.LoadLayer
                0x18101fb8      0x134
 .text.LoadLayer
                0x18101fb8      0x134 ./src/layer/layer.o
                0x18101fb8                LoadLayer

.text.GetLayerName
                0x181020ec      0x13c
 .text.GetLayerName
                0x181020ec      0x13c ./src/layer/layer.o
                0x181020ec                GetLayerName

.text.L_CODELIST00_LoadLayer
                0x18102228       0x58
 .text.L_CODELIST00_LoadLayer
                0x18102228       0x58 ./src/layer/layer_L_CODELIST00.o
                0x18102228                L_CODELIST00_LoadLayer

.text.L_CODELIST00_start
                0x18102280       0x18
 .text.L_CODELIST00_start
                0x18102280       0x18 ./src/layer/layer_L_CODELIST00.o

.text.L_CODELIST00_end
                0x18102298       0x18
 .text.L_CODELIST00_end
                0x18102298       0x18 ./src/layer/layer_L_CODELIST00.o

.text.L_CODELIST00_always
                0x181022b0      0xcc0
 .text.L_CODELIST00_always
                0x181022b0      0xcc0 ./src/layer/layer_L_CODELIST00.o

.text.L_Migarate_Page
                0x18102f70      0x78c
 .text.L_Migarate_Page
                0x18102f70      0x78c ./src/layer/layer_L_CODELIST00.o
                0x18102f70                L_Migarate_Page

.text.OBJ_IMG_SELECT01_touch
                0x181036fc      0x1bc
 .text.OBJ_IMG_SELECT01_touch
                0x181036fc       0x60 ./src/layer/layer_L_CODELIST00.o
 .text.OBJ_IMG_SELECT01_touch
                0x1810375c       0x60 ./src/layer/layer_L_CONFIGURATION00.o
 .text.OBJ_IMG_SELECT01_touch
                0x181037bc       0x8c ./src/layer/layer_L_DETAIL00.o
 .text.OBJ_IMG_SELECT01_touch
                0x18103848       0x70 ./src/layer/layer_L_W_MODESELECT00.o

.text.OBJ_IMG_SELECT02_touch
                0x181038b8      0x184
 .text.OBJ_IMG_SELECT02_touch
                0x181038b8       0x60 ./src/layer/layer_L_CODELIST00.o
 .text.OBJ_IMG_SELECT02_touch
                0x18103918       0x60 ./src/layer/layer_L_CONFIGURATION00.o
 .text.OBJ_IMG_SELECT02_touch
                0x18103978       0x54 ./src/layer/layer_L_DETAIL00.o
 .text.OBJ_IMG_SELECT02_touch
                0x181039cc       0x70 ./src/layer/layer_L_W_MODESELECT00.o

.text.OBJ_IMG_SELECT03_touch
                0x18103a3c      0x110
 .text.OBJ_IMG_SELECT03_touch
                0x18103a3c       0x54 ./src/layer/layer_L_CODELIST00.o
 .text.OBJ_IMG_SELECT03_touch
                0x18103a90       0x4c ./src/layer/layer_L_CONFIGURATION00.o
 .text.OBJ_IMG_SELECT03_touch
                0x18103adc       0x70 ./src/layer/layer_L_W_MODESELECT00.o

.text.OBJ_IMG_RIGHT00_touch
                0x18103b4c       0x6c
 .text.OBJ_IMG_RIGHT00_touch
                0x18103b4c       0x6c ./src/layer/layer_L_CODELIST00.o

.text.OBJ_IMG_LEFT00_touch
                0x18103bb8       0x6c
 .text.OBJ_IMG_LEFT00_touch
                0x18103bb8       0x6c ./src/layer/layer_L_CODELIST00.o

.text.OBJ_RECT_LIST01_touch
                0x18103c24       0x7c
 .text.OBJ_RECT_LIST01_touch
                0x18103c24       0x7c ./src/layer/layer_L_CODELIST00.o

.text.OBJ_RECT_LIST02_touch
                0x18103ca0       0x7c
 .text.OBJ_RECT_LIST02_touch
                0x18103ca0       0x7c ./src/layer/layer_L_CODELIST00.o

.text.OBJ_RECT_LIST03_touch
                0x18103d1c       0x7c
 .text.OBJ_RECT_LIST03_touch
                0x18103d1c       0x7c ./src/layer/layer_L_CODELIST00.o

.text.OBJ_RECT_LIST04_touch
                0x18103d98       0x7c
 .text.OBJ_RECT_LIST04_touch
                0x18103d98       0x7c ./src/layer/layer_L_CODELIST00.o

.text.OBJ_RECT_LIST05_touch
                0x18103e14       0x7c
 .text.OBJ_RECT_LIST05_touch
                0x18103e14       0x7c ./src/layer/layer_L_CODELIST00.o

.text.OBJ_RECT_LIST06_touch
                0x18103e90       0x7c
 .text.OBJ_RECT_LIST06_touch
                0x18103e90       0x7c ./src/layer/layer_L_CODELIST00.o

.text.OBJ_RECT_LIST07_touch
                0x18103f0c       0x7c
 .text.OBJ_RECT_LIST07_touch
                0x18103f0c       0x7c ./src/layer/layer_L_CODELIST00.o

.text.OBJ_RECT_LIST08_touch
                0x18103f88       0x7c
 .text.OBJ_RECT_LIST08_touch
                0x18103f88       0x7c ./src/layer/layer_L_CODELIST00.o

.text.OBJ_RECT_LIST09_touch
                0x18104004       0x7c
 .text.OBJ_RECT_LIST09_touch
                0x18104004       0x7c ./src/layer/layer_L_CODELIST00.o

.text.OBJ_RECT_LIST10_touch
                0x18104080       0x80
 .text.OBJ_RECT_LIST10_touch
                0x18104080       0x80 ./src/layer/layer_L_CODELIST00.o

.text.L_CONFIGURATION00_LoadLayer
                0x18104100       0x58
 .text.L_CONFIGURATION00_LoadLayer
                0x18104100       0x58 ./src/layer/layer_L_CONFIGURATION00.o
                0x18104100                L_CONFIGURATION00_LoadLayer

.text.L_CONFIGURATION00_start
                0x18104158       0x18
 .text.L_CONFIGURATION00_start
                0x18104158       0x18 ./src/layer/layer_L_CONFIGURATION00.o

.text.L_CONFIGURATION00_end
                0x18104170       0x18
 .text.L_CONFIGURATION00_end
                0x18104170       0x18 ./src/layer/layer_L_CONFIGURATION00.o

.text.L_CONFIGURATION00_always
                0x18104188      0x174
 .text.L_CONFIGURATION00_always
                0x18104188      0x174 ./src/layer/layer_L_CONFIGURATION00.o

.text.L_DETAIL00_LoadLayer
                0x181042fc       0x58
 .text.L_DETAIL00_LoadLayer
                0x181042fc       0x58 ./src/layer/layer_L_DETAIL00.o
                0x181042fc                L_DETAIL00_LoadLayer

.text.L_DETAIL00_start
                0x18104354       0x18
 .text.L_DETAIL00_start
                0x18104354       0x18 ./src/layer/layer_L_DETAIL00.o

.text.L_DETAIL00_end
                0x1810436c       0x18
 .text.L_DETAIL00_end
                0x1810436c       0x18 ./src/layer/layer_L_DETAIL00.o

.text.L_DETAIL00_always
                0x18104384      0xf78
 .text.L_DETAIL00_always
                0x18104384      0xf78 ./src/layer/layer_L_DETAIL00.o

.text.Process_Mode_Migarate
                0x181052fc      0x994
 .text.Process_Mode_Migarate
                0x181052fc      0x994 ./src/layer/layer_L_DETAIL00.o
                0x181052fc                Process_Mode_Migarate

.text.OBJ_IMG_SELECT00_touch
                0x18105c90       0xfc
 .text.OBJ_IMG_SELECT00_touch
                0x18105c90       0x8c ./src/layer/layer_L_DETAIL00.o
 .text.OBJ_IMG_SELECT00_touch
                0x18105d1c       0x70 ./src/layer/layer_L_W_MODESELECT00.o

.text.OBJ_IMG_AMSELECT00_touch
                0x18105d8c       0xe0
 .text.OBJ_IMG_AMSELECT00_touch
                0x18105d8c       0xe0 ./src/layer/layer_L_DETAIL00.o

.text.OBJ_IMG_NOTICESELECT00_touch
                0x18105e6c       0xd4
 .text.OBJ_IMG_NOTICESELECT00_touch
                0x18105e6c       0xd4 ./src/layer/layer_L_DETAIL00.o

.text.OBJ_RECT_PROCESS00_touch
                0x18105f40       0x60
 .text.OBJ_RECT_PROCESS00_touch
                0x18105f40       0x60 ./src/layer/layer_L_DETAIL00.o

.text.OBJ_RECT_PROCESS01_touch
                0x18105fa0       0x60
 .text.OBJ_RECT_PROCESS01_touch
                0x18105fa0       0x60 ./src/layer/layer_L_DETAIL00.o

.text.OBJ_RECT_PROCESS02_touch
                0x18106000       0x60
 .text.OBJ_RECT_PROCESS02_touch
                0x18106000       0x60 ./src/layer/layer_L_DETAIL00.o

.text.OBJ_RECT_PROCESS03_touch
                0x18106060       0x60
 .text.OBJ_RECT_PROCESS03_touch
                0x18106060       0x60 ./src/layer/layer_L_DETAIL00.o

.text.OBJ_RECT_PROCESS04_touch
                0x181060c0       0x60
 .text.OBJ_RECT_PROCESS04_touch
                0x181060c0       0x60 ./src/layer/layer_L_DETAIL00.o

.text.OBJ_RECT_PROCESS05_touch
                0x18106120       0x60
 .text.OBJ_RECT_PROCESS05_touch
                0x18106120       0x60 ./src/layer/layer_L_DETAIL00.o

.text.OBJ_RECT_PROCESS06_touch
                0x18106180       0x60
 .text.OBJ_RECT_PROCESS06_touch
                0x18106180       0x60 ./src/layer/layer_L_DETAIL00.o

.text.OBJ_RECT_PROCESS07_touch
                0x181061e0       0x60
 .text.OBJ_RECT_PROCESS07_touch
                0x181061e0       0x60 ./src/layer/layer_L_DETAIL00.o

.text.OBJ_RECT_PROCESS08_touch
                0x18106240       0x60
 .text.OBJ_RECT_PROCESS08_touch
                0x18106240       0x60 ./src/layer/layer_L_DETAIL00.o

.text.OBJ_RECT_PROCESS09_touch
                0x181062a0       0x60
 .text.OBJ_RECT_PROCESS09_touch
                0x181062a0       0x60 ./src/layer/layer_L_DETAIL00.o

.text.L_HOME00_LoadLayer
                0x18106300       0x58
 .text.L_HOME00_LoadLayer
                0x18106300       0x58 ./src/layer/layer_L_HOME00.o
                0x18106300                L_HOME00_LoadLayer

.text.L_HOME00_start
                0x18106358       0xf8
 .text.L_HOME00_start
                0x18106358       0xf8 ./src/layer/layer_L_HOME00.o

.text.L_HOME00_end
                0x18106450       0x18
 .text.L_HOME00_end
                0x18106450       0x18 ./src/layer/layer_L_HOME00.o

.text.L_HOME00_always
                0x18106468      0xfe8
 .text.L_HOME00_always
                0x18106468      0xfe8 ./src/layer/layer_L_HOME00.o

.text.BakeTimerStatus
                0x18107450      0x9c0
 .text.BakeTimerStatus
                0x18107450      0x9c0 ./src/layer/layer_L_HOME00.o

.text.OBJ_IMG_SKIP00_touch
                0x18107e10      0x56c
 .text.OBJ_IMG_SKIP00_touch
                0x18107e10      0x56c ./src/layer/layer_L_HOME00.o

.text.OBJ_IMG_TIME_OR_C_TEMP00_touch
                0x1810837c       0xf8
 .text.OBJ_IMG_TIME_OR_C_TEMP00_touch
                0x1810837c       0xf8 ./src/layer/layer_L_HOME00.o

.text.OBJ_IMG_UH00_touch
                0x18108474       0xc0
 .text.OBJ_IMG_UH00_touch
                0x18108474       0xc0 ./src/layer/layer_L_HOME00.o

.text.OBJ_IMG_LH00_touch
                0x18108534       0xc0
 .text.OBJ_IMG_LH00_touch
                0x18108534       0xc0 ./src/layer/layer_L_HOME00.o

.text.OBJ_IMG_CLEAR00_touch
                0x181085f4      0x26c
 .text.OBJ_IMG_CLEAR00_touch
                0x181085f4      0x26c ./src/layer/layer_L_HOME00.o

.text.OBJ_IMG_BUZZER00_touch
                0x18108860      0x5bc
 .text.OBJ_IMG_BUZZER00_touch
                0x18108860      0x5bc ./src/layer/layer_L_HOME00.o

.text.OBJ_IMG_N_DAMPER00_touch
                0x18108e1c       0xb0
 .text.OBJ_IMG_N_DAMPER00_touch
                0x18108e1c       0xb0 ./src/layer/layer_L_HOME00.o

.text.OBJ_IMG_C_TEMP00_touch
                0x18108ecc       0x98
 .text.OBJ_IMG_C_TEMP00_touch
                0x18108ecc       0x98 ./src/layer/layer_L_HOME00.o

.text.OBJ_IMG_RECIPE00_touch
                0x18108f64       0x64
 .text.OBJ_IMG_RECIPE00_touch
                0x18108f64       0x64 ./src/layer/layer_L_HOME00.o

.text.OBJ_IMG_START00_touch
                0x18108fc8       0xe4
 .text.OBJ_IMG_START00_touch
                0x18108fc8       0xe4 ./src/layer/layer_L_HOME00.o

.text.OBJ_IMG_A_DAMPER00_touch
                0x181090ac       0xa4
 .text.OBJ_IMG_A_DAMPER00_touch
                0x181090ac       0xa4 ./src/layer/layer_L_HOME00.o

.text.OBJ_IMG_STEAM00_touch
                0x18109150      0x138
 .text.OBJ_IMG_STEAM00_touch
                0x18109150       0x70 ./src/layer/layer_L_HOME00.o
 .text.OBJ_IMG_STEAM00_touch
                0x181091c0       0xc8 ./src/layer/layer_L_PROCESS01.o

.text.OBJ_IMG_LAMP00_touch
                0x18109288       0x98
 .text.OBJ_IMG_LAMP00_touch
                0x18109288       0x98 ./src/layer/layer_L_HOME00.o

.text.OBJ_IMG_ECO00_touch
                0x18109320       0x98
 .text.OBJ_IMG_ECO00_touch
                0x18109320       0x98 ./src/layer/layer_L_HOME00.o

.text.OBJ_IMG_MORNING00_touch
                0x181093b8       0x4c
 .text.OBJ_IMG_MORNING00_touch
                0x181093b8       0x4c ./src/layer/layer_L_HOME00.o

.text.OBJ_IMG_OPTION00_touch
                0x18109404       0x54
 .text.OBJ_IMG_OPTION00_touch
                0x18109404       0x54 ./src/layer/layer_L_HOME00.o

.text.L_KEY00_LoadLayer
                0x18109458       0x58
 .text.L_KEY00_LoadLayer
                0x18109458       0x58 ./src/layer/layer_L_KEY00.o
                0x18109458                L_KEY00_LoadLayer

.text.L_KEY00_start
                0x181094b0       0x18
 .text.L_KEY00_start
                0x181094b0       0x18 ./src/layer/layer_L_KEY00.o

.text.L_KEY00_end
                0x181094c8       0x18
 .text.L_KEY00_end
                0x181094c8       0x18 ./src/layer/layer_L_KEY00.o

.text.L_KEY00_always
                0x181094e0      0x13c
 .text.L_KEY00_always
                0x181094e0      0x13c ./src/layer/layer_L_KEY00.o

.text.OBJ_IMG_KEY00_touch
                0x1810961c      0x1b0
 .text.OBJ_IMG_KEY00_touch
                0x1810961c       0x74 ./src/layer/layer_L_KEY00.o
 .text.OBJ_IMG_KEY00_touch
                0x18109690       0x74 ./src/layer/layer_L_KEY01.o
 .text.OBJ_IMG_KEY00_touch
                0x18109704       0x74 ./src/layer/layer_L_KEY02.o
 .text.OBJ_IMG_KEY00_touch
                0x18109778       0x54 ./src/layer/layer_L_W_SETTING03.o

.text.OBJ_IMG_KEY01_touch
                0x181097cc      0x1b0
 .text.OBJ_IMG_KEY01_touch
                0x181097cc       0x74 ./src/layer/layer_L_KEY00.o
 .text.OBJ_IMG_KEY01_touch
                0x18109840       0x74 ./src/layer/layer_L_KEY01.o
 .text.OBJ_IMG_KEY01_touch
                0x181098b4       0x74 ./src/layer/layer_L_KEY02.o
 .text.OBJ_IMG_KEY01_touch
                0x18109928       0x54 ./src/layer/layer_L_W_SETTING03.o

.text.OBJ_IMG_KEY02_touch
                0x1810997c      0x1b0
 .text.OBJ_IMG_KEY02_touch
                0x1810997c       0x74 ./src/layer/layer_L_KEY00.o
 .text.OBJ_IMG_KEY02_touch
                0x181099f0       0x74 ./src/layer/layer_L_KEY01.o
 .text.OBJ_IMG_KEY02_touch
                0x18109a64       0x74 ./src/layer/layer_L_KEY02.o
 .text.OBJ_IMG_KEY02_touch
                0x18109ad8       0x54 ./src/layer/layer_L_W_SETTING03.o

.text.OBJ_IMG_KEY03_touch
                0x18109b2c      0x1b0
 .text.OBJ_IMG_KEY03_touch
                0x18109b2c       0x74 ./src/layer/layer_L_KEY00.o
 .text.OBJ_IMG_KEY03_touch
                0x18109ba0       0x74 ./src/layer/layer_L_KEY01.o
 .text.OBJ_IMG_KEY03_touch
                0x18109c14       0x74 ./src/layer/layer_L_KEY02.o
 .text.OBJ_IMG_KEY03_touch
                0x18109c88       0x54 ./src/layer/layer_L_W_SETTING03.o

.text.OBJ_IMG_KEY04_touch
                0x18109cdc      0x1b0
 .text.OBJ_IMG_KEY04_touch
                0x18109cdc       0x74 ./src/layer/layer_L_KEY00.o
 .text.OBJ_IMG_KEY04_touch
                0x18109d50       0x74 ./src/layer/layer_L_KEY01.o
 .text.OBJ_IMG_KEY04_touch
                0x18109dc4       0x74 ./src/layer/layer_L_KEY02.o
 .text.OBJ_IMG_KEY04_touch
                0x18109e38       0x54 ./src/layer/layer_L_W_SETTING03.o

.text.OBJ_IMG_KEY05_touch
                0x18109e8c      0x1b0
 .text.OBJ_IMG_KEY05_touch
                0x18109e8c       0x74 ./src/layer/layer_L_KEY00.o
 .text.OBJ_IMG_KEY05_touch
                0x18109f00       0x74 ./src/layer/layer_L_KEY01.o
 .text.OBJ_IMG_KEY05_touch
                0x18109f74       0x74 ./src/layer/layer_L_KEY02.o
 .text.OBJ_IMG_KEY05_touch
                0x18109fe8       0x54 ./src/layer/layer_L_W_SETTING03.o

.text.OBJ_IMG_KEY06_touch
                0x1810a03c      0x1b0
 .text.OBJ_IMG_KEY06_touch
                0x1810a03c       0x74 ./src/layer/layer_L_KEY00.o
 .text.OBJ_IMG_KEY06_touch
                0x1810a0b0       0x74 ./src/layer/layer_L_KEY01.o
 .text.OBJ_IMG_KEY06_touch
                0x1810a124       0x74 ./src/layer/layer_L_KEY02.o
 .text.OBJ_IMG_KEY06_touch
                0x1810a198       0x54 ./src/layer/layer_L_W_SETTING03.o

.text.OBJ_IMG_KEY07_touch
                0x1810a1ec      0x1b0
 .text.OBJ_IMG_KEY07_touch
                0x1810a1ec       0x74 ./src/layer/layer_L_KEY00.o
 .text.OBJ_IMG_KEY07_touch
                0x1810a260       0x74 ./src/layer/layer_L_KEY01.o
 .text.OBJ_IMG_KEY07_touch
                0x1810a2d4       0x74 ./src/layer/layer_L_KEY02.o
 .text.OBJ_IMG_KEY07_touch
                0x1810a348       0x54 ./src/layer/layer_L_W_SETTING03.o

.text.OBJ_IMG_KEY08_touch
                0x1810a39c      0x1b0
 .text.OBJ_IMG_KEY08_touch
                0x1810a39c       0x74 ./src/layer/layer_L_KEY00.o
 .text.OBJ_IMG_KEY08_touch
                0x1810a410       0x74 ./src/layer/layer_L_KEY01.o
 .text.OBJ_IMG_KEY08_touch
                0x1810a484       0x74 ./src/layer/layer_L_KEY02.o
 .text.OBJ_IMG_KEY08_touch
                0x1810a4f8       0x54 ./src/layer/layer_L_W_SETTING03.o

.text.OBJ_IMG_KEY09_touch
                0x1810a54c      0x1b0
 .text.OBJ_IMG_KEY09_touch
                0x1810a54c       0x74 ./src/layer/layer_L_KEY00.o
 .text.OBJ_IMG_KEY09_touch
                0x1810a5c0       0x74 ./src/layer/layer_L_KEY01.o
 .text.OBJ_IMG_KEY09_touch
                0x1810a634       0x74 ./src/layer/layer_L_KEY02.o
 .text.OBJ_IMG_KEY09_touch
                0x1810a6a8       0x54 ./src/layer/layer_L_W_SETTING03.o

.text.OBJ_IMG_KEY10_touch
                0x1810a6fc      0x15c
 .text.OBJ_IMG_KEY10_touch
                0x1810a6fc       0x74 ./src/layer/layer_L_KEY00.o
 .text.OBJ_IMG_KEY10_touch
                0x1810a770       0x74 ./src/layer/layer_L_KEY01.o
 .text.OBJ_IMG_KEY10_touch
                0x1810a7e4       0x74 ./src/layer/layer_L_KEY02.o

.text.OBJ_IMG_KEY11_touch
                0x1810a858      0x15c
 .text.OBJ_IMG_KEY11_touch
                0x1810a858       0x74 ./src/layer/layer_L_KEY00.o
 .text.OBJ_IMG_KEY11_touch
                0x1810a8cc       0x74 ./src/layer/layer_L_KEY01.o
 .text.OBJ_IMG_KEY11_touch
                0x1810a940       0x74 ./src/layer/layer_L_KEY02.o

.text.OBJ_IMG_KEY12_touch
                0x1810a9b4      0x15c
 .text.OBJ_IMG_KEY12_touch
                0x1810a9b4       0x74 ./src/layer/layer_L_KEY00.o
 .text.OBJ_IMG_KEY12_touch
                0x1810aa28       0x74 ./src/layer/layer_L_KEY01.o
 .text.OBJ_IMG_KEY12_touch
                0x1810aa9c       0x74 ./src/layer/layer_L_KEY02.o

.text.OBJ_IMG_KEY13_touch
                0x1810ab10      0x15c
 .text.OBJ_IMG_KEY13_touch
                0x1810ab10       0x74 ./src/layer/layer_L_KEY00.o
 .text.OBJ_IMG_KEY13_touch
                0x1810ab84       0x74 ./src/layer/layer_L_KEY01.o
 .text.OBJ_IMG_KEY13_touch
                0x1810abf8       0x74 ./src/layer/layer_L_KEY02.o

.text.OBJ_IMG_KEY14_touch
                0x1810ac6c      0x15c
 .text.OBJ_IMG_KEY14_touch
                0x1810ac6c       0x74 ./src/layer/layer_L_KEY00.o
 .text.OBJ_IMG_KEY14_touch
                0x1810ace0       0x74 ./src/layer/layer_L_KEY01.o
 .text.OBJ_IMG_KEY14_touch
                0x1810ad54       0x74 ./src/layer/layer_L_KEY02.o

.text.OBJ_IMG_KEY15_touch
                0x1810adc8      0x15c
 .text.OBJ_IMG_KEY15_touch
                0x1810adc8       0x74 ./src/layer/layer_L_KEY00.o
 .text.OBJ_IMG_KEY15_touch
                0x1810ae3c       0x74 ./src/layer/layer_L_KEY01.o
 .text.OBJ_IMG_KEY15_touch
                0x1810aeb0       0x74 ./src/layer/layer_L_KEY02.o

.text.OBJ_IMG_KEY16_touch
                0x1810af24      0x15c
 .text.OBJ_IMG_KEY16_touch
                0x1810af24       0x74 ./src/layer/layer_L_KEY00.o
 .text.OBJ_IMG_KEY16_touch
                0x1810af98       0x74 ./src/layer/layer_L_KEY01.o
 .text.OBJ_IMG_KEY16_touch
                0x1810b00c       0x74 ./src/layer/layer_L_KEY02.o

.text.OBJ_IMG_KEY17_touch
                0x1810b080      0x15c
 .text.OBJ_IMG_KEY17_touch
                0x1810b080       0x74 ./src/layer/layer_L_KEY00.o
 .text.OBJ_IMG_KEY17_touch
                0x1810b0f4       0x74 ./src/layer/layer_L_KEY01.o
 .text.OBJ_IMG_KEY17_touch
                0x1810b168       0x74 ./src/layer/layer_L_KEY02.o

.text.OBJ_IMG_KEY18_touch
                0x1810b1dc      0x15c
 .text.OBJ_IMG_KEY18_touch
                0x1810b1dc       0x74 ./src/layer/layer_L_KEY00.o
 .text.OBJ_IMG_KEY18_touch
                0x1810b250       0x74 ./src/layer/layer_L_KEY01.o
 .text.OBJ_IMG_KEY18_touch
                0x1810b2c4       0x74 ./src/layer/layer_L_KEY02.o

.text.OBJ_IMG_KEY19_touch
                0x1810b338      0x15c
 .text.OBJ_IMG_KEY19_touch
                0x1810b338       0x74 ./src/layer/layer_L_KEY00.o
 .text.OBJ_IMG_KEY19_touch
                0x1810b3ac       0x74 ./src/layer/layer_L_KEY01.o
 .text.OBJ_IMG_KEY19_touch
                0x1810b420       0x74 ./src/layer/layer_L_KEY02.o

.text.OBJ_IMG_KEY20_touch
                0x1810b494      0x15c
 .text.OBJ_IMG_KEY20_touch
                0x1810b494       0x74 ./src/layer/layer_L_KEY00.o
 .text.OBJ_IMG_KEY20_touch
                0x1810b508       0x74 ./src/layer/layer_L_KEY01.o
 .text.OBJ_IMG_KEY20_touch
                0x1810b57c       0x74 ./src/layer/layer_L_KEY02.o

.text.OBJ_IMG_KEY21_touch
                0x1810b5f0      0x15c
 .text.OBJ_IMG_KEY21_touch
                0x1810b5f0       0x74 ./src/layer/layer_L_KEY00.o
 .text.OBJ_IMG_KEY21_touch
                0x1810b664       0x74 ./src/layer/layer_L_KEY01.o
 .text.OBJ_IMG_KEY21_touch
                0x1810b6d8       0x74 ./src/layer/layer_L_KEY02.o

.text.OBJ_IMG_KEY22_touch
                0x1810b74c      0x15c
 .text.OBJ_IMG_KEY22_touch
                0x1810b74c       0x74 ./src/layer/layer_L_KEY00.o
 .text.OBJ_IMG_KEY22_touch
                0x1810b7c0       0x74 ./src/layer/layer_L_KEY01.o
 .text.OBJ_IMG_KEY22_touch
                0x1810b834       0x74 ./src/layer/layer_L_KEY02.o

.text.OBJ_IMG_KEY23_touch
                0x1810b8a8      0x15c
 .text.OBJ_IMG_KEY23_touch
                0x1810b8a8       0x74 ./src/layer/layer_L_KEY00.o
 .text.OBJ_IMG_KEY23_touch
                0x1810b91c       0x74 ./src/layer/layer_L_KEY01.o
 .text.OBJ_IMG_KEY23_touch
                0x1810b990       0x74 ./src/layer/layer_L_KEY02.o

.text.OBJ_IMG_KEY24_touch
                0x1810ba04      0x15c
 .text.OBJ_IMG_KEY24_touch
                0x1810ba04       0x74 ./src/layer/layer_L_KEY00.o
 .text.OBJ_IMG_KEY24_touch
                0x1810ba78       0x74 ./src/layer/layer_L_KEY01.o
 .text.OBJ_IMG_KEY24_touch
                0x1810baec       0x74 ./src/layer/layer_L_KEY02.o

.text.OBJ_IMG_KEY25_touch
                0x1810bb60      0x15c
 .text.OBJ_IMG_KEY25_touch
                0x1810bb60       0x74 ./src/layer/layer_L_KEY00.o
 .text.OBJ_IMG_KEY25_touch
                0x1810bbd4       0x74 ./src/layer/layer_L_KEY01.o
 .text.OBJ_IMG_KEY25_touch
                0x1810bc48       0x74 ./src/layer/layer_L_KEY02.o

.text.OBJ_IMG_KEY26_touch
                0x1810bcbc      0x15c
 .text.OBJ_IMG_KEY26_touch
                0x1810bcbc       0x74 ./src/layer/layer_L_KEY00.o
 .text.OBJ_IMG_KEY26_touch
                0x1810bd30       0x74 ./src/layer/layer_L_KEY01.o
 .text.OBJ_IMG_KEY26_touch
                0x1810bda4       0x74 ./src/layer/layer_L_KEY02.o

.text.OBJ_IMG_KEY27_touch
                0x1810be18      0x15c
 .text.OBJ_IMG_KEY27_touch
                0x1810be18       0x74 ./src/layer/layer_L_KEY00.o
 .text.OBJ_IMG_KEY27_touch
                0x1810be8c       0x74 ./src/layer/layer_L_KEY01.o
 .text.OBJ_IMG_KEY27_touch
                0x1810bf00       0x74 ./src/layer/layer_L_KEY02.o

.text.OBJ_IMG_KEY28_touch
                0x1810bf74      0x15c
 .text.OBJ_IMG_KEY28_touch
                0x1810bf74       0x74 ./src/layer/layer_L_KEY00.o
 .text.OBJ_IMG_KEY28_touch
                0x1810bfe8       0x74 ./src/layer/layer_L_KEY01.o
 .text.OBJ_IMG_KEY28_touch
                0x1810c05c       0x74 ./src/layer/layer_L_KEY02.o

.text.OBJ_IMG_KEY29_touch
                0x1810c0d0      0x15c
 .text.OBJ_IMG_KEY29_touch
                0x1810c0d0       0x74 ./src/layer/layer_L_KEY00.o
 .text.OBJ_IMG_KEY29_touch
                0x1810c144       0x74 ./src/layer/layer_L_KEY01.o
 .text.OBJ_IMG_KEY29_touch
                0x1810c1b8       0x74 ./src/layer/layer_L_KEY02.o

.text.OBJ_IMG_KEY30_touch
                0x1810c22c      0x15c
 .text.OBJ_IMG_KEY30_touch
                0x1810c22c       0x74 ./src/layer/layer_L_KEY00.o
 .text.OBJ_IMG_KEY30_touch
                0x1810c2a0       0x74 ./src/layer/layer_L_KEY01.o
 .text.OBJ_IMG_KEY30_touch
                0x1810c314       0x74 ./src/layer/layer_L_KEY02.o

.text.OBJ_IMG_KEY31_touch
                0x1810c388      0x15c
 .text.OBJ_IMG_KEY31_touch
                0x1810c388       0x74 ./src/layer/layer_L_KEY00.o
 .text.OBJ_IMG_KEY31_touch
                0x1810c3fc       0x74 ./src/layer/layer_L_KEY01.o
 .text.OBJ_IMG_KEY31_touch
                0x1810c470       0x74 ./src/layer/layer_L_KEY02.o

.text.OBJ_IMG_KEY32_touch
                0x1810c4e4      0x15c
 .text.OBJ_IMG_KEY32_touch
                0x1810c4e4       0x74 ./src/layer/layer_L_KEY00.o
 .text.OBJ_IMG_KEY32_touch
                0x1810c558       0x74 ./src/layer/layer_L_KEY01.o
 .text.OBJ_IMG_KEY32_touch
                0x1810c5cc       0x74 ./src/layer/layer_L_KEY02.o

.text.OBJ_IMG_KEY33_touch
                0x1810c640      0x15c
 .text.OBJ_IMG_KEY33_touch
                0x1810c640       0x74 ./src/layer/layer_L_KEY00.o
 .text.OBJ_IMG_KEY33_touch
                0x1810c6b4       0x74 ./src/layer/layer_L_KEY01.o
 .text.OBJ_IMG_KEY33_touch
                0x1810c728       0x74 ./src/layer/layer_L_KEY02.o

.text.OBJ_IMG_KEY34_touch
                0x1810c79c      0x15c
 .text.OBJ_IMG_KEY34_touch
                0x1810c79c       0x74 ./src/layer/layer_L_KEY00.o
 .text.OBJ_IMG_KEY34_touch
                0x1810c810       0x74 ./src/layer/layer_L_KEY01.o
 .text.OBJ_IMG_KEY34_touch
                0x1810c884       0x74 ./src/layer/layer_L_KEY02.o

.text.OBJ_IMG_KEY35_touch
                0x1810c8f8      0x15c
 .text.OBJ_IMG_KEY35_touch
                0x1810c8f8       0x74 ./src/layer/layer_L_KEY00.o
 .text.OBJ_IMG_KEY35_touch
                0x1810c96c       0x74 ./src/layer/layer_L_KEY01.o
 .text.OBJ_IMG_KEY35_touch
                0x1810c9e0       0x74 ./src/layer/layer_L_KEY02.o

.text.OBJ_IMG_KEY36_touch
                0x1810ca54      0x15c
 .text.OBJ_IMG_KEY36_touch
                0x1810ca54       0x74 ./src/layer/layer_L_KEY00.o
 .text.OBJ_IMG_KEY36_touch
                0x1810cac8       0x74 ./src/layer/layer_L_KEY01.o
 .text.OBJ_IMG_KEY36_touch
                0x1810cb3c       0x74 ./src/layer/layer_L_KEY02.o

.text.OBJ_IMG_KEY37_touch
                0x1810cbb0      0x15c
 .text.OBJ_IMG_KEY37_touch
                0x1810cbb0       0x74 ./src/layer/layer_L_KEY00.o
 .text.OBJ_IMG_KEY37_touch
                0x1810cc24       0x74 ./src/layer/layer_L_KEY01.o
 .text.OBJ_IMG_KEY37_touch
                0x1810cc98       0x74 ./src/layer/layer_L_KEY02.o

.text.OBJ_IMG_KEY38_touch
                0x1810cd0c      0x15c
 .text.OBJ_IMG_KEY38_touch
                0x1810cd0c       0x74 ./src/layer/layer_L_KEY00.o
 .text.OBJ_IMG_KEY38_touch
                0x1810cd80       0x74 ./src/layer/layer_L_KEY01.o
 .text.OBJ_IMG_KEY38_touch
                0x1810cdf4       0x74 ./src/layer/layer_L_KEY02.o

.text.OBJ_IMG_KEY39_touch
                0x1810ce68      0x15c
 .text.OBJ_IMG_KEY39_touch
                0x1810ce68       0x74 ./src/layer/layer_L_KEY00.o
 .text.OBJ_IMG_KEY39_touch
                0x1810cedc       0x74 ./src/layer/layer_L_KEY01.o
 .text.OBJ_IMG_KEY39_touch
                0x1810cf50       0x74 ./src/layer/layer_L_KEY02.o

.text.OBJ_IMG_KEY40_touch
                0x1810cfc4      0x15c
 .text.OBJ_IMG_KEY40_touch
                0x1810cfc4       0x74 ./src/layer/layer_L_KEY00.o
 .text.OBJ_IMG_KEY40_touch
                0x1810d038       0x74 ./src/layer/layer_L_KEY01.o
 .text.OBJ_IMG_KEY40_touch
                0x1810d0ac       0x74 ./src/layer/layer_L_KEY02.o

.text.OBJ_IMG_KEY41_touch
                0x1810d120      0x15c
 .text.OBJ_IMG_KEY41_touch
                0x1810d120       0x74 ./src/layer/layer_L_KEY00.o
 .text.OBJ_IMG_KEY41_touch
                0x1810d194       0x74 ./src/layer/layer_L_KEY01.o
 .text.OBJ_IMG_KEY41_touch
                0x1810d208       0x74 ./src/layer/layer_L_KEY02.o

.text.OBJ_IMG_KEY42_touch
                0x1810d27c      0x15c
 .text.OBJ_IMG_KEY42_touch
                0x1810d27c       0x74 ./src/layer/layer_L_KEY00.o
 .text.OBJ_IMG_KEY42_touch
                0x1810d2f0       0x74 ./src/layer/layer_L_KEY01.o
 .text.OBJ_IMG_KEY42_touch
                0x1810d364       0x74 ./src/layer/layer_L_KEY02.o

.text.OBJ_IMG_KEY43_touch
                0x1810d3d8      0x15c
 .text.OBJ_IMG_KEY43_touch
                0x1810d3d8       0x74 ./src/layer/layer_L_KEY00.o
 .text.OBJ_IMG_KEY43_touch
                0x1810d44c       0x74 ./src/layer/layer_L_KEY01.o
 .text.OBJ_IMG_KEY43_touch
                0x1810d4c0       0x74 ./src/layer/layer_L_KEY02.o

.text.OBJ_IMG_KEY44_touch
                0x1810d534      0x15c
 .text.OBJ_IMG_KEY44_touch
                0x1810d534       0x74 ./src/layer/layer_L_KEY00.o
 .text.OBJ_IMG_KEY44_touch
                0x1810d5a8       0x74 ./src/layer/layer_L_KEY01.o
 .text.OBJ_IMG_KEY44_touch
                0x1810d61c       0x74 ./src/layer/layer_L_KEY02.o

.text.OBJ_IMG_KEY45_touch
                0x1810d690      0x15c
 .text.OBJ_IMG_KEY45_touch
                0x1810d690       0x74 ./src/layer/layer_L_KEY00.o
 .text.OBJ_IMG_KEY45_touch
                0x1810d704       0x74 ./src/layer/layer_L_KEY01.o
 .text.OBJ_IMG_KEY45_touch
                0x1810d778       0x74 ./src/layer/layer_L_KEY02.o

.text.OBJ_IMG_KEY46_touch
                0x1810d7ec      0x15c
 .text.OBJ_IMG_KEY46_touch
                0x1810d7ec       0x74 ./src/layer/layer_L_KEY00.o
 .text.OBJ_IMG_KEY46_touch
                0x1810d860       0x74 ./src/layer/layer_L_KEY01.o
 .text.OBJ_IMG_KEY46_touch
                0x1810d8d4       0x74 ./src/layer/layer_L_KEY02.o

.text.OBJ_IMG_KEY47_touch
                0x1810d948      0x15c
 .text.OBJ_IMG_KEY47_touch
                0x1810d948       0x74 ./src/layer/layer_L_KEY00.o
 .text.OBJ_IMG_KEY47_touch
                0x1810d9bc       0x74 ./src/layer/layer_L_KEY01.o
 .text.OBJ_IMG_KEY47_touch
                0x1810da30       0x74 ./src/layer/layer_L_KEY02.o

.text.OBJ_IMG_KEY48_touch
                0x1810daa4     0x1bc8
 .text.OBJ_IMG_KEY48_touch
                0x1810daa4     0x1ae0 ./src/layer/layer_L_KEY00.o
 .text.OBJ_IMG_KEY48_touch
                0x1810f584       0x74 ./src/layer/layer_L_KEY01.o
 .text.OBJ_IMG_KEY48_touch
                0x1810f5f8       0x74 ./src/layer/layer_L_KEY02.o

.text.OBJ_IMG_AA_L_touch
                0x1810f66c       0xa8
 .text.OBJ_IMG_AA_L_touch
                0x1810f66c       0x54 ./src/layer/layer_L_KEY00.o
 .text.OBJ_IMG_AA_L_touch
                0x1810f6c0       0x54 ./src/layer/layer_L_KEY02.o

.text.OBJ_IMG_AA_S_touch
                0x1810f714       0xa8
 .text.OBJ_IMG_AA_S_touch
                0x1810f714       0x54 ./src/layer/layer_L_KEY00.o
 .text.OBJ_IMG_AA_S_touch
                0x1810f768       0x54 ./src/layer/layer_L_KEY01.o

.text.OBJ_IMG_DELEATE00_touch
                0x1810f7bc      0x33c
 .text.OBJ_IMG_DELEATE00_touch
                0x1810f7bc      0x114 ./src/layer/layer_L_KEY00.o
 .text.OBJ_IMG_DELEATE00_touch
                0x1810f8d0      0x114 ./src/layer/layer_L_KEY01.o
 .text.OBJ_IMG_DELEATE00_touch
                0x1810f9e4      0x114 ./src/layer/layer_L_KEY02.o

.text.OBJ_IMG_DELEATE01_touch
                0x1810faf8      0x1b0
 .text.OBJ_IMG_DELEATE01_touch
                0x1810faf8       0x70 ./src/layer/layer_L_KEY00.o
 .text.OBJ_IMG_DELEATE01_touch
                0x1810fb68       0x70 ./src/layer/layer_L_KEY01.o
 .text.OBJ_IMG_DELEATE01_touch
                0x1810fbd8       0x70 ./src/layer/layer_L_KEY02.o
 .text.OBJ_IMG_DELEATE01_touch
                0x1810fc48       0x60 ./src/layer/layer_L_W_SETTING03.o

.text.OBJ_IMG_UNDER_touch
                0x1810fca8      0x150
 .text.OBJ_IMG_UNDER_touch
                0x1810fca8       0x70 ./src/layer/layer_L_KEY00.o
 .text.OBJ_IMG_UNDER_touch
                0x1810fd18       0x70 ./src/layer/layer_L_KEY01.o
 .text.OBJ_IMG_UNDER_touch
                0x1810fd88       0x70 ./src/layer/layer_L_KEY02.o

.text.OBJ_IMG_RIGHT_touch
                0x1810fdf8      0x198
 .text.OBJ_IMG_RIGHT_touch
                0x1810fdf8       0x88 ./src/layer/layer_L_KEY00.o
 .text.OBJ_IMG_RIGHT_touch
                0x1810fe80       0x88 ./src/layer/layer_L_KEY01.o
 .text.OBJ_IMG_RIGHT_touch
                0x1810ff08       0x88 ./src/layer/layer_L_KEY02.o

.text.OBJ_IMG_LEFT_touch
                0x1810ff90      0x1bc
 .text.OBJ_IMG_LEFT_touch
                0x1810ff90       0x94 ./src/layer/layer_L_KEY00.o
 .text.OBJ_IMG_LEFT_touch
                0x18110024       0x94 ./src/layer/layer_L_KEY01.o
 .text.OBJ_IMG_LEFT_touch
                0x181100b8       0x94 ./src/layer/layer_L_KEY02.o

.text.OBJ_IMG_HYPHEN_touch
                0x1811014c      0x150
 .text.OBJ_IMG_HYPHEN_touch
                0x1811014c       0x70 ./src/layer/layer_L_KEY00.o
 .text.OBJ_IMG_HYPHEN_touch
                0x181101bc       0x70 ./src/layer/layer_L_KEY01.o
 .text.OBJ_IMG_HYPHEN_touch
                0x1811022c       0x70 ./src/layer/layer_L_KEY02.o

.text.OBJ_IMG_ENTER_touch
                0x1811029c      0x3e8
 .text.OBJ_IMG_ENTER_touch
                0x1811029c       0xf4 ./src/layer/layer_L_KEY00.o
 .text.OBJ_IMG_ENTER_touch
                0x18110390       0xf4 ./src/layer/layer_L_KEY01.o
 .text.OBJ_IMG_ENTER_touch
                0x18110484       0xf4 ./src/layer/layer_L_KEY02.o
 .text.OBJ_IMG_ENTER_touch
                0x18110578      0x10c ./src/layer/layer_L_W_SETTING03.o

.text.L_KEY01_LoadLayer
                0x18110684       0x58
 .text.L_KEY01_LoadLayer
                0x18110684       0x58 ./src/layer/layer_L_KEY01.o
                0x18110684                L_KEY01_LoadLayer

.text.L_KEY01_start
                0x181106dc       0x18
 .text.L_KEY01_start
                0x181106dc       0x18 ./src/layer/layer_L_KEY01.o

.text.L_KEY01_end
                0x181106f4       0x18
 .text.L_KEY01_end
                0x181106f4       0x18 ./src/layer/layer_L_KEY01.o

.text.L_KEY01_always
                0x1811070c      0x13c
 .text.L_KEY01_always
                0x1811070c      0x13c ./src/layer/layer_L_KEY01.o

.text.OBJ_IMG_KANA_touch
                0x18110848       0xa8
 .text.OBJ_IMG_KANA_touch
                0x18110848       0x54 ./src/layer/layer_L_KEY01.o
 .text.OBJ_IMG_KANA_touch
                0x1811089c       0x54 ./src/layer/layer_L_KEY02.o

.text.L_KEY02_LoadLayer
                0x181108f0       0x58
 .text.L_KEY02_LoadLayer
                0x181108f0       0x58 ./src/layer/layer_L_KEY02.o
                0x181108f0                L_KEY02_LoadLayer

.text.L_KEY02_start
                0x18110948       0x18
 .text.L_KEY02_start
                0x18110948       0x18 ./src/layer/layer_L_KEY02.o

.text.L_KEY02_end
                0x18110960       0x18
 .text.L_KEY02_end
                0x18110960       0x18 ./src/layer/layer_L_KEY02.o

.text.L_KEY02_always
                0x18110978      0x13c
 .text.L_KEY02_always
                0x18110978      0x13c ./src/layer/layer_L_KEY02.o

.text.L_PROCESS00_LoadLayer
                0x18110ab4       0x58
 .text.L_PROCESS00_LoadLayer
                0x18110ab4       0x58 ./src/layer/layer_L_PROCESS00.o
                0x18110ab4                L_PROCESS00_LoadLayer

.text.L_PROCESS00_start
                0x18110b0c       0x18
 .text.L_PROCESS00_start
                0x18110b0c       0x18 ./src/layer/layer_L_PROCESS00.o

.text.L_PROCESS00_end
                0x18110b24       0x18
 .text.L_PROCESS00_end
                0x18110b24       0x18 ./src/layer/layer_L_PROCESS00.o

.text.L_PROCESS00_always
                0x18110b3c      0x544
 .text.L_PROCESS00_always
                0x18110b3c      0x544 ./src/layer/layer_L_PROCESS00.o

.text.OBJ_IMG_UH_MODE00_touch
                0x18111080      0x28c
 .text.OBJ_IMG_UH_MODE00_touch
                0x18111080       0xc4 ./src/layer/layer_L_PROCESS00.o
 .text.OBJ_IMG_UH_MODE00_touch
                0x18111144      0x104 ./src/layer/layer_L_PROCESS01.o
 .text.OBJ_IMG_UH_MODE00_touch
                0x18111248       0xc4 ./src/layer/layer_L_W_SETTING00.o

.text.OBJ_IMG_UH_UKEY00_touch
                0x1811130c      0x274
 .text.OBJ_IMG_UH_UKEY00_touch
                0x1811130c       0xa0 ./src/layer/layer_L_PROCESS00.o
 .text.OBJ_IMG_UH_UKEY00_touch
                0x181113ac      0x118 ./src/layer/layer_L_PROCESS01.o
 .text.OBJ_IMG_UH_UKEY00_touch
                0x181114c4       0xbc ./src/layer/layer_L_W_SETTING00.o

.text.OBJ_IMG_UH_UKEY01_touch
                0x18111580      0x2e0
 .text.OBJ_IMG_UH_UKEY01_touch
                0x18111580       0xc4 ./src/layer/layer_L_PROCESS00.o
 .text.OBJ_IMG_UH_UKEY01_touch
                0x18111644      0x13c ./src/layer/layer_L_PROCESS01.o
 .text.OBJ_IMG_UH_UKEY01_touch
                0x18111780       0xe0 ./src/layer/layer_L_W_SETTING00.o

.text.OBJ_IMG_UH_UKEY02_touch
                0x18111860      0x304
 .text.OBJ_IMG_UH_UKEY02_touch
                0x18111860       0xcc ./src/layer/layer_L_PROCESS00.o
 .text.OBJ_IMG_UH_UKEY02_touch
                0x1811192c      0x144 ./src/layer/layer_L_PROCESS01.o
 .text.OBJ_IMG_UH_UKEY02_touch
                0x18111a70       0xf4 ./src/layer/layer_L_W_SETTING00.o

.text.OBJ_IMG_UH_DKEY00_touch
                0x18111b64      0x274
 .text.OBJ_IMG_UH_DKEY00_touch
                0x18111b64       0xa0 ./src/layer/layer_L_PROCESS00.o
 .text.OBJ_IMG_UH_DKEY00_touch
                0x18111c04      0x118 ./src/layer/layer_L_PROCESS01.o
 .text.OBJ_IMG_UH_DKEY00_touch
                0x18111d1c       0xbc ./src/layer/layer_L_W_SETTING00.o

.text.OBJ_IMG_UH_DKEY01_touch
                0x18111dd8      0x2e0
 .text.OBJ_IMG_UH_DKEY01_touch
                0x18111dd8       0xc4 ./src/layer/layer_L_PROCESS00.o
 .text.OBJ_IMG_UH_DKEY01_touch
                0x18111e9c      0x13c ./src/layer/layer_L_PROCESS01.o
 .text.OBJ_IMG_UH_DKEY01_touch
                0x18111fd8       0xe0 ./src/layer/layer_L_W_SETTING00.o

.text.OBJ_IMG_UH_DKEY02_touch
                0x181120b8      0x304
 .text.OBJ_IMG_UH_DKEY02_touch
                0x181120b8       0xcc ./src/layer/layer_L_PROCESS00.o
 .text.OBJ_IMG_UH_DKEY02_touch
                0x18112184      0x144 ./src/layer/layer_L_PROCESS01.o
 .text.OBJ_IMG_UH_DKEY02_touch
                0x181122c8       0xf4 ./src/layer/layer_L_W_SETTING00.o

.text.OBJ_IMG_LH_MODE00_touch
                0x181123bc      0x28c
 .text.OBJ_IMG_LH_MODE00_touch
                0x181123bc       0xc4 ./src/layer/layer_L_PROCESS00.o
 .text.OBJ_IMG_LH_MODE00_touch
                0x18112480      0x104 ./src/layer/layer_L_PROCESS01.o
 .text.OBJ_IMG_LH_MODE00_touch
                0x18112584       0xc4 ./src/layer/layer_L_W_SETTING00.o

.text.OBJ_IMG_LH_UKEY00_touch
                0x18112648      0x274
 .text.OBJ_IMG_LH_UKEY00_touch
                0x18112648       0xa0 ./src/layer/layer_L_PROCESS00.o
 .text.OBJ_IMG_LH_UKEY00_touch
                0x181126e8      0x118 ./src/layer/layer_L_PROCESS01.o
 .text.OBJ_IMG_LH_UKEY00_touch
                0x18112800       0xbc ./src/layer/layer_L_W_SETTING00.o

.text.OBJ_IMG_LH_UKEY01_touch
                0x181128bc      0x2e0
 .text.OBJ_IMG_LH_UKEY01_touch
                0x181128bc       0xc4 ./src/layer/layer_L_PROCESS00.o
 .text.OBJ_IMG_LH_UKEY01_touch
                0x18112980      0x13c ./src/layer/layer_L_PROCESS01.o
 .text.OBJ_IMG_LH_UKEY01_touch
                0x18112abc       0xe0 ./src/layer/layer_L_W_SETTING00.o

.text.OBJ_IMG_LH_UKEY02_touch
                0x18112b9c      0x304
 .text.OBJ_IMG_LH_UKEY02_touch
                0x18112b9c       0xcc ./src/layer/layer_L_PROCESS00.o
 .text.OBJ_IMG_LH_UKEY02_touch
                0x18112c68      0x144 ./src/layer/layer_L_PROCESS01.o
 .text.OBJ_IMG_LH_UKEY02_touch
                0x18112dac       0xf4 ./src/layer/layer_L_W_SETTING00.o

.text.OBJ_IMG_LH_DKEY00_touch
                0x18112ea0      0x274
 .text.OBJ_IMG_LH_DKEY00_touch
                0x18112ea0       0xa0 ./src/layer/layer_L_PROCESS00.o
 .text.OBJ_IMG_LH_DKEY00_touch
                0x18112f40      0x118 ./src/layer/layer_L_PROCESS01.o
 .text.OBJ_IMG_LH_DKEY00_touch
                0x18113058       0xbc ./src/layer/layer_L_W_SETTING00.o

.text.OBJ_IMG_LH_DKEY01_touch
                0x18113114      0x2e0
 .text.OBJ_IMG_LH_DKEY01_touch
                0x18113114       0xc4 ./src/layer/layer_L_PROCESS00.o
 .text.OBJ_IMG_LH_DKEY01_touch
                0x181131d8      0x13c ./src/layer/layer_L_PROCESS01.o
 .text.OBJ_IMG_LH_DKEY01_touch
                0x18113314       0xe0 ./src/layer/layer_L_W_SETTING00.o

.text.OBJ_IMG_LH_DKEY02_touch
                0x181133f4      0x304
 .text.OBJ_IMG_LH_DKEY02_touch
                0x181133f4       0xcc ./src/layer/layer_L_PROCESS00.o
 .text.OBJ_IMG_LH_DKEY02_touch
                0x181134c0      0x144 ./src/layer/layer_L_PROCESS01.o
 .text.OBJ_IMG_LH_DKEY02_touch
                0x18113604       0xf4 ./src/layer/layer_L_W_SETTING00.o

.text.OBJ_IMG_PROCESS_CHANGE00_touch
                0x181136f8       0x98
 .text.OBJ_IMG_PROCESS_CHANGE00_touch
                0x181136f8       0x98 ./src/layer/layer_L_PROCESS00.o

.text.OBJ_IMG_TEMP_RISE_NOTICE00_touch
                0x18113790       0x98
 .text.OBJ_IMG_TEMP_RISE_NOTICE00_touch
                0x18113790       0x98 ./src/layer/layer_L_PROCESS00.o

.text.OBJ_IMG_DAMPER_SELECT00_touch
                0x18113828      0x1c8
 .text.OBJ_IMG_DAMPER_SELECT00_touch
                0x18113828       0xc4 ./src/layer/layer_L_PROCESS00.o
 .text.OBJ_IMG_DAMPER_SELECT00_touch
                0x181138ec      0x104 ./src/layer/layer_L_PROCESS01.o

.text.OBJ_IMG_CANCEL00_touch
                0x181139f0       0xb0
 .text.OBJ_IMG_CANCEL00_touch
                0x181139f0       0x58 ./src/layer/layer_L_PROCESS00.o
 .text.OBJ_IMG_CANCEL00_touch
                0x18113a48       0x58 ./src/layer/layer_L_PROCESS01.o

.text.OBJ_IMG_NEXT_PROCESS00_touch
                0x18113aa0       0xd0
 .text.OBJ_IMG_NEXT_PROCESS00_touch
                0x18113aa0       0x64 ./src/layer/layer_L_PROCESS00.o
 .text.OBJ_IMG_NEXT_PROCESS00_touch
                0x18113b04       0x6c ./src/layer/layer_L_PROCESS01.o

.text.OBJ_IMG_COMPLETE00_touch
                0x18113b70       0xa0
 .text.OBJ_IMG_COMPLETE00_touch
                0x18113b70       0x50 ./src/layer/layer_L_PROCESS00.o
 .text.OBJ_IMG_COMPLETE00_touch
                0x18113bc0       0x50 ./src/layer/layer_L_PROCESS01.o

.text.L_PROCESS01_LoadLayer
                0x18113c10       0x58
 .text.L_PROCESS01_LoadLayer
                0x18113c10       0x58 ./src/layer/layer_L_PROCESS01.o
                0x18113c10                L_PROCESS01_LoadLayer

.text.L_PROCESS01_start
                0x18113c68       0x18
 .text.L_PROCESS01_start
                0x18113c68       0x18 ./src/layer/layer_L_PROCESS01.o

.text.L_PROCESS01_end
                0x18113c80       0x18
 .text.L_PROCESS01_end
                0x18113c80       0x18 ./src/layer/layer_L_PROCESS01.o

.text.L_PROCESS01_always
                0x18113c98      0xae8
 .text.L_PROCESS01_always
                0x18113c98      0xae8 ./src/layer/layer_L_PROCESS01.o

.text.OBJ_IMG_T_OR_CT01_touch
                0x18114780       0xc8
 .text.OBJ_IMG_T_OR_CT01_touch
                0x18114780       0xc8 ./src/layer/layer_L_PROCESS01.o

.text.OBJ_IMG_T_OR_CT_UKEY00_touch
                0x18114848      0x1c8
 .text.OBJ_IMG_T_OR_CT_UKEY00_touch
                0x18114848      0x1c8 ./src/layer/layer_L_PROCESS01.o

.text.OBJ_IMG_T_OR_CT_UKEY01_touch
                0x18114a10      0x1d0
 .text.OBJ_IMG_T_OR_CT_UKEY01_touch
                0x18114a10      0x1d0 ./src/layer/layer_L_PROCESS01.o

.text.OBJ_IMG_T_OR_CT_UKEY02_touch
                0x18114be0      0x218
 .text.OBJ_IMG_T_OR_CT_UKEY02_touch
                0x18114be0      0x218 ./src/layer/layer_L_PROCESS01.o

.text.OBJ_IMG_T_OR_CT_DKEY00_touch
                0x18114df8      0x1c8
 .text.OBJ_IMG_T_OR_CT_DKEY00_touch
                0x18114df8      0x1c8 ./src/layer/layer_L_PROCESS01.o

.text.OBJ_IMG_T_OR_CT_DKEY01_touch
                0x18114fc0      0x220
 .text.OBJ_IMG_T_OR_CT_DKEY01_touch
                0x18114fc0      0x220 ./src/layer/layer_L_PROCESS01.o

.text.OBJ_IMG_T_OR_CT_DKEY02_touch
                0x181151e0      0x218
 .text.OBJ_IMG_T_OR_CT_DKEY02_touch
                0x181151e0      0x218 ./src/layer/layer_L_PROCESS01.o

.text.OBJ_IMG_RETURN_PROCESS00_touch
                0x181153f8       0x9c
 .text.OBJ_IMG_RETURN_PROCESS00_touch
                0x181153f8       0x9c ./src/layer/layer_L_PROCESS01.o

.text.L_W_CONFIG00_LoadLayer
                0x18115494       0x58
 .text.L_W_CONFIG00_LoadLayer
                0x18115494       0x58 ./src/layer/layer_L_W_CONFIG00.o
                0x18115494                L_W_CONFIG00_LoadLayer

.text.L_W_CONFIG00_start
                0x181154ec       0x18
 .text.L_W_CONFIG00_start
                0x181154ec       0x18 ./src/layer/layer_L_W_CONFIG00.o

.text.L_W_CONFIG00_end
                0x18115504       0x18
 .text.L_W_CONFIG00_end
                0x18115504       0x18 ./src/layer/layer_L_W_CONFIG00.o

.text.L_W_CONFIG00_always
                0x1811551c      0x174
 .text.L_W_CONFIG00_always
                0x1811551c      0x174 ./src/layer/layer_L_W_CONFIG00.o

.text.OBJ_IMG_WARMUP_TEMP00_touch
                0x18115690       0x70
 .text.OBJ_IMG_WARMUP_TEMP00_touch
                0x18115690       0x70 ./src/layer/layer_L_W_CONFIG00.o

.text.OBJ_IMG_PROCESS_SW_TIMER00_touch
                0x18115700       0x70
 .text.OBJ_IMG_PROCESS_SW_TIMER00_touch
                0x18115700       0x70 ./src/layer/layer_L_W_CONFIG00.o

.text.OBJ_IMG_STEAM_TIMER00_touch
                0x18115770       0x70
 .text.OBJ_IMG_STEAM_TIMER00_touch
                0x18115770       0x70 ./src/layer/layer_L_W_CONFIG00.o

.text.OBJ_IMG_MNS00_touch
                0x181157e0       0xbc
 .text.OBJ_IMG_MNS00_touch
                0x181157e0       0xbc ./src/layer/layer_L_W_CONFIG00.o

.text.OBJ_IMG_HOME00_touch
                0x1811589c       0xa8
 .text.OBJ_IMG_HOME00_touch
                0x1811589c       0x54 ./src/layer/layer_L_W_CONFIG00.o
 .text.OBJ_IMG_HOME00_touch
                0x181158f0       0x54 ./src/layer/layer_L_W_CONFIG01.o

.text.L_W_CONFIG01_LoadLayer
                0x18115944       0x58
 .text.L_W_CONFIG01_LoadLayer
                0x18115944       0x58 ./src/layer/layer_L_W_CONFIG01.o
                0x18115944                L_W_CONFIG01_LoadLayer

.text.L_W_CONFIG01_start
                0x1811599c       0x18
 .text.L_W_CONFIG01_start
                0x1811599c       0x18 ./src/layer/layer_L_W_CONFIG01.o

.text.L_W_CONFIG01_end
                0x181159b4       0x18
 .text.L_W_CONFIG01_end
                0x181159b4       0x18 ./src/layer/layer_L_W_CONFIG01.o

.text.L_W_CONFIG01_always
                0x181159cc       0x18
 .text.L_W_CONFIG01_always
                0x181159cc       0x18 ./src/layer/layer_L_W_CONFIG01.o

.text.OBJ_IMG_CODELIST_RESET00_touch
                0x181159e4       0x50
 .text.OBJ_IMG_CODELIST_RESET00_touch
                0x181159e4       0x50 ./src/layer/layer_L_W_CONFIG01.o

.text.OBJ_IMG_SETTING_RESET00_touch
                0x18115a34       0x54
 .text.OBJ_IMG_SETTING_RESET00_touch
                0x18115a34       0x54 ./src/layer/layer_L_W_CONFIG01.o

.text.OBJ_IMG_ALL_RESET00_touch
                0x18115a88       0x58
 .text.OBJ_IMG_ALL_RESET00_touch
                0x18115a88       0x58 ./src/layer/layer_L_W_CONFIG01.o

.text.L_W_MODESELECT00_LoadLayer
                0x18115ae0       0x58
 .text.L_W_MODESELECT00_LoadLayer
                0x18115ae0       0x58 ./src/layer/layer_L_W_MODESELECT00.o
                0x18115ae0                L_W_MODESELECT00_LoadLayer

.text.L_W_MODESELECT00_start
                0x18115b38       0x18
 .text.L_W_MODESELECT00_start
                0x18115b38       0x18 ./src/layer/layer_L_W_MODESELECT00.o

.text.L_W_MODESELECT00_end
                0x18115b50       0x18
 .text.L_W_MODESELECT00_end
                0x18115b50       0x18 ./src/layer/layer_L_W_MODESELECT00.o

.text.L_W_MODESELECT00_always
                0x18115b68      0x26c
 .text.L_W_MODESELECT00_always
                0x18115b68      0x26c ./src/layer/layer_L_W_MODESELECT00.o

.text.OBJ_IMG_RETURN00_touch
                0x18115dd4      0x270
 .text.OBJ_IMG_RETURN00_touch
                0x18115dd4       0x60 ./src/layer/layer_L_W_MODESELECT00.o
 .text.OBJ_IMG_RETURN00_touch
                0x18115e34       0xa0 ./src/layer/layer_L_W_SETTING00.o
 .text.OBJ_IMG_RETURN00_touch
                0x18115ed4       0x80 ./src/layer/layer_L_W_SETTING01.o
 .text.OBJ_IMG_RETURN00_touch
                0x18115f54       0x80 ./src/layer/layer_L_W_SETTING02.o
 .text.OBJ_IMG_RETURN00_touch
                0x18115fd4       0x70 ./src/layer/layer_L_W_SETTING03.o

.text.L_W_SETTING00_LoadLayer
                0x18116044       0x58
 .text.L_W_SETTING00_LoadLayer
                0x18116044       0x58 ./src/layer/layer_L_W_SETTING00.o
                0x18116044                L_W_SETTING00_LoadLayer

.text.L_W_SETTING00_start
                0x1811609c       0x18
 .text.L_W_SETTING00_start
                0x1811609c       0x18 ./src/layer/layer_L_W_SETTING00.o

.text.L_W_SETTING00_end
                0x181160b4       0x18
 .text.L_W_SETTING00_end
                0x181160b4       0x18 ./src/layer/layer_L_W_SETTING00.o

.text.L_W_SETTING00_always
                0x181160cc      0x158
 .text.L_W_SETTING00_always
                0x181160cc      0x158 ./src/layer/layer_L_W_SETTING00.o

.text.OBJ_IMG_ENTER00_touch
                0x18116224      0x368
 .text.OBJ_IMG_ENTER00_touch
                0x18116224      0x178 ./src/layer/layer_L_W_SETTING00.o
 .text.OBJ_IMG_ENTER00_touch
                0x1811639c       0xf8 ./src/layer/layer_L_W_SETTING01.o
 .text.OBJ_IMG_ENTER00_touch
                0x18116494       0xf8 ./src/layer/layer_L_W_SETTING02.o

.text.L_W_SETTING01_LoadLayer
                0x1811658c       0x58
 .text.L_W_SETTING01_LoadLayer
                0x1811658c       0x58 ./src/layer/layer_L_W_SETTING01.o
                0x1811658c                L_W_SETTING01_LoadLayer

.text.L_W_SETTING01_start
                0x181165e4       0x18
 .text.L_W_SETTING01_start
                0x181165e4       0x18 ./src/layer/layer_L_W_SETTING01.o

.text.L_W_SETTING01_end
                0x181165fc       0x18
 .text.L_W_SETTING01_end
                0x181165fc       0x18 ./src/layer/layer_L_W_SETTING01.o

.text.L_W_SETTING01_always
                0x18116614       0x48
 .text.L_W_SETTING01_always
                0x18116614       0x48 ./src/layer/layer_L_W_SETTING01.o

.text.OBJ_IMG_T_UKEY00_touch
                0x1811665c      0x160
 .text.OBJ_IMG_T_UKEY00_touch
                0x1811665c       0xbc ./src/layer/layer_L_W_SETTING01.o
 .text.OBJ_IMG_T_UKEY00_touch
                0x18116718       0xa4 ./src/layer/layer_L_W_SETTING02.o

.text.OBJ_IMG_T_UKEY01_touch
                0x181167bc      0x19c
 .text.OBJ_IMG_T_UKEY01_touch
                0x181167bc       0xd0 ./src/layer/layer_L_W_SETTING01.o
 .text.OBJ_IMG_T_UKEY01_touch
                0x1811688c       0xcc ./src/layer/layer_L_W_SETTING02.o

.text.OBJ_IMG_T_UKEY02_touch
                0x18116958      0x144
 .text.OBJ_IMG_T_UKEY02_touch
                0x18116958       0xa4 ./src/layer/layer_L_W_SETTING01.o
 .text.OBJ_IMG_T_UKEY02_touch
                0x181169fc       0xa0 ./src/layer/layer_L_W_SETTING02.o

.text.OBJ_IMG_T_LKEY00_touch
                0x18116a9c      0x160
 .text.OBJ_IMG_T_LKEY00_touch
                0x18116a9c       0xbc ./src/layer/layer_L_W_SETTING01.o
 .text.OBJ_IMG_T_LKEY00_touch
                0x18116b58       0xa4 ./src/layer/layer_L_W_SETTING02.o

.text.OBJ_IMG_T_LKEY01_touch
                0x18116bfc      0x19c
 .text.OBJ_IMG_T_LKEY01_touch
                0x18116bfc       0xd0 ./src/layer/layer_L_W_SETTING01.o
 .text.OBJ_IMG_T_LKEY01_touch
                0x18116ccc       0xcc ./src/layer/layer_L_W_SETTING02.o

.text.OBJ_IMG_T_LKEY02_touch
                0x18116d98      0x144
 .text.OBJ_IMG_T_LKEY02_touch
                0x18116d98       0xa4 ./src/layer/layer_L_W_SETTING01.o
 .text.OBJ_IMG_T_LKEY02_touch
                0x18116e3c       0xa0 ./src/layer/layer_L_W_SETTING02.o

.text.L_W_SETTING02_LoadLayer
                0x18116edc       0x58
 .text.L_W_SETTING02_LoadLayer
                0x18116edc       0x58 ./src/layer/layer_L_W_SETTING02.o
                0x18116edc                L_W_SETTING02_LoadLayer

.text.L_W_SETTING02_start
                0x18116f34       0x18
 .text.L_W_SETTING02_start
                0x18116f34       0x18 ./src/layer/layer_L_W_SETTING02.o

.text.L_W_SETTING02_end
                0x18116f4c       0x18
 .text.L_W_SETTING02_end
                0x18116f4c       0x18 ./src/layer/layer_L_W_SETTING02.o

.text.L_W_SETTING02_always
                0x18116f64       0xd0
 .text.L_W_SETTING02_always
                0x18116f64       0xd0 ./src/layer/layer_L_W_SETTING02.o

.text.L_W_SETTING03_LoadLayer
                0x18117034       0x58
 .text.L_W_SETTING03_LoadLayer
                0x18117034       0x58 ./src/layer/layer_L_W_SETTING03.o
                0x18117034                L_W_SETTING03_LoadLayer

.text.L_W_SETTING03_start
                0x1811708c       0x18
 .text.L_W_SETTING03_start
                0x1811708c       0x18 ./src/layer/layer_L_W_SETTING03.o

.text.L_W_SETTING03_end
                0x181170a4       0x18
 .text.L_W_SETTING03_end
                0x181170a4       0x18 ./src/layer/layer_L_W_SETTING03.o

.text.L_W_SETTING03_always
                0x181170bc       0x30
 .text.L_W_SETTING03_always
                0x181170bc       0x30 ./src/layer/layer_L_W_SETTING03.o

.text.ImputValues
                0x181170ec      0x108
 .text.ImputValues
                0x181170ec      0x108 ./src/layer/layer_L_W_SETTING03.o

.text.GetImageData
                0x181171f4       0x70
 .text.GetImageData
                0x181171f4       0x70 ./src/img/img.o
                0x181171f4                GetImageData

.text.GetImageDataSize
                0x18117264       0x78
 .text.GetImageDataSize
                0x18117264       0x78 ./src/img/img.o
                0x18117264                GetImageDataSize

.text.ADC_PortSetting
                0x181172dc      0x2c0
 .text.ADC_PortSetting
                0x181172dc      0x2c0 ./src/hw_settings/adc_portsetting.o
                0x181172dc                ADC_PortSetting

.text.initCPUClock
                0x1811759c       0x18
 .text.initCPUClock
                0x1811759c       0x18 ./src/hw_settings/cpu_clock_setting.o
                0x1811759c                initCPUClock

.text.SCIF_PortSetting
                0x181175b4     0x1b90
 .text.SCIF_PortSetting
                0x181175b4     0x1b90 ./src/hw_settings/scif_portsetting.o
                0x181175b4                SCIF_PortSetting

.text.OsTimerInit
                0x18119144       0x78
 .text.OsTimerInit
                0x18119144       0x78 ./src/hw_settings/timer_setting.o
                0x18119144                OsTimerInit

.text.mtu2Init  0x181191bc      0x2f8
 .text.mtu2Init
                0x181191bc      0x2f8 ./src/hw_settings/timer_setting.o
                0x181191bc                mtu2Init

.text.BACK_LIGHT_PWM
                0x181194b4      0x194
 .text.BACK_LIGHT_PWM
                0x181194b4      0x194 ./src/hw_settings/timer_setting.o
                0x181194b4                BACK_LIGHT_PWM

.text.initTimer
                0x18119648       0x18
 .text.initTimer
                0x18119648       0x18 ./src/hw_settings/timer_setting.o
                0x18119648                initTimer

.text.VDC5_LcdPortSetting
                0x18119660      0x12c
 .text.VDC5_LcdPortSetting
                0x18119660      0x12c ./src/hw_settings/vdc5_portsetting.o
                0x18119660                VDC5_LcdPortSetting

.text.get_font_address
                0x1811978c       0x3c
 .text.get_font_address
                0x1811978c       0x3c ./src/font/font_data.o
                0x1811978c                get_font_address

.text.Initialize_m
                0x181197c8       0xb8
 .text.Initialize_m
                0x181197c8       0xb8 ./src/common.o
                0x181197c8                Initialize_m

.text.Initialize_a
                0x18119880      0x350
 .text.Initialize_a
                0x18119880      0x350 ./src/common.o
                0x18119880                Initialize_a

.text.Initialize_t
                0x18119bd0       0x58
 .text.Initialize_t
                0x18119bd0       0x58 ./src/common.o
                0x18119bd0                Initialize_t

.text.Initialize_h
                0x18119c28      0x2dc
 .text.Initialize_h
                0x18119c28      0x2dc ./src/common.o
                0x18119c28                Initialize_h

.text.Initialize_l_temp
                0x18119f04       0x58
 .text.Initialize_l_temp
                0x18119f04       0x58 ./src/common.o
                0x18119f04                Initialize_l_temp

.text.Initialize_l_time
                0x18119f5c       0x38
 .text.Initialize_l_time
                0x18119f5c       0x38 ./src/common.o
                0x18119f5c                Initialize_l_time

.text.Initialize_l_c_temp
                0x18119f94       0x38
 .text.Initialize_l_c_temp
                0x18119f94       0x38 ./src/common.o
                0x18119f94                Initialize_l_c_temp

.text.Initialize_k
                0x18119fcc       0x54
 .text.Initialize_k